<?xml version="1.0" encoding="UTF-8"?>
<TestRun id="45344036-39dd-4340-aebf-865158353a1d" name="Richard@RJKING-PC 2013-08-24 22:28:34" runUser="rjking-PC\Richard" xmlns="http://microsoft.com/schemas/VisualStudio/TeamTest/2010">
  <TestSettings name="Local" id="940c159d-505b-4526-97d2-4856d710da73">
    <Description>These are default test settings for a local test run.</Description>
    <Deployment enabled="false" runDeploymentRoot="Richard_RJKING-PC 2013-08-24 22_28_34">
      <DeploymentItem filename="C:\Development\SOURCE\csharp\LogicSimulator1\LogicSimulator1\bin\Debug\LogicSimulator1.exe" />
    </Deployment>
    <Execution>
      <TestTypeSpecific />
      <AgentRule name="Execution Agents">
      </AgentRule>
    </Execution>
  </TestSettings>
  <Times creation="2013-08-24T22:28:34.4749761-07:00" queuing="2013-08-24T22:28:43.4304883-07:00" start="2013-08-24T22:28:43.4334885-07:00" finish="2013-08-24T22:28:43.5664961-07:00" />
  <ResultSummary outcome="Completed">
    <Counters total="1" executed="1" passed="1" error="0" failed="0" timeout="0" aborted="0" inconclusive="0" passedButRunAborted="0" notRunnable="0" notExecuted="0" disconnected="0" warning="0" completed="0" inProgress="0" pending="0" />
  </ResultSummary>
  <TestDefinitions>
    <UnitTest name="TestLatchAllConnectorsGood" storage="c:\development\source\csharp\logicsimulator1\testproject1\bin\debug\testproject1.dll" id="11e3e182-4492-bb13-512f-feeb8c1e5edb">
      <Execution id="57172a06-afb9-41b2-9b94-e5bb4ec22003" />
      <TestMethod codeBase="C:/Development/SOURCE/csharp/LogicSimulator1/TestProject1/bin/Debug/TestProject1.DLL" adapterTypeName="Microsoft.VisualStudio.TestTools.TestTypes.Unit.UnitTestAdapter, Microsoft.VisualStudio.QualityTools.Tips.UnitTest.Adapter, Version=10.0.0.0, Culture=neutral, PublicKeyToken=b03f5f7f11d50a3a" className="TestProject1.ComponentTests, TestProject1, Version=1.0.0.0, Culture=neutral, PublicKeyToken=null" name="TestLatchAllConnectorsGood" />
    </UnitTest>
  </TestDefinitions>
  <TestLists>
    <TestList name="Results Not in a List" id="8c84fa94-04c1-424b-9868-57a2d4851a1d" />
    <TestList name="All Loaded Results" id="19431567-8539-422a-85d7-44ee4e166bda" />
  </TestLists>
  <TestEntries>
    <TestEntry testId="11e3e182-4492-bb13-512f-feeb8c1e5edb" executionId="57172a06-afb9-41b2-9b94-e5bb4ec22003" testListId="8c84fa94-04c1-424b-9868-57a2d4851a1d" />
  </TestEntries>
  <Results>
    <UnitTestResult executionId="57172a06-afb9-41b2-9b94-e5bb4ec22003" testId="11e3e182-4492-bb13-512f-feeb8c1e5edb" testName="TestLatchAllConnectorsGood" computerName="RJKING-PC" duration="00:00:00.0108800" startTime="2013-08-24T22:28:43.4354886-07:00" endTime="2013-08-24T22:28:43.5574956-07:00" testType="13cdc9d9-ddb5-4fa4-a97d-d965ccfc6d4b" outcome="Passed" testListId="8c84fa94-04c1-424b-9868-57a2d4851a1d" relativeResultsDirectory="57172a06-afb9-41b2-9b94-e5bb4ec22003">
      <Output>
        <StdOut>Q[True] NOT_Q[False]
Q[True] NOT_Q[False]
Q[True] NOT_Q[False]
Strobing Reset
Q[False] NOT_Q[True]
Q[False] NOT_Q[True]
Q[False] NOT_Q[True]
Q[False] NOT_Q[True]
Strobing Set
Q[False] NOT_Q[False]
Q[True] NOT_Q[False]
Q[True] NOT_Q[False]
Q[True] NOT_Q[False]
Strobing Reset
Q[False] NOT_Q[True]
Q[False] NOT_Q[True]
Q[False] NOT_Q[True]
Q[False] NOT_Q[True]
Strobing Set
Q[False] NOT_Q[False]
Q[True] NOT_Q[False]
Q[True] NOT_Q[False]
Q[True] NOT_Q[False]
Strobing Reset
Q[False] NOT_Q[True]
Q[False] NOT_Q[True]
Q[False] NOT_Q[True]
Q[False] NOT_Q[True]
Strobing Set
Q[False] NOT_Q[False]
Q[True] NOT_Q[False]
Q[True] NOT_Q[False]
Q[True] NOT_Q[False]
Strobing Reset
Q[False] NOT_Q[True]
Q[False] NOT_Q[True]</StdOut>
      </Output>
    </UnitTestResult>
  </Results>
</TestRun>