<?xml version="1.0" encoding="UTF-8"?>
<TestRun id="80ee6a13-9b56-400f-a91f-8066bbf8949f" name="Richard@RJKING-PC 2013-08-24 22:31:44" runUser="rjking-PC\Richard" xmlns="http://microsoft.com/schemas/VisualStudio/TeamTest/2010">
  <TestSettings name="Local" id="940c159d-505b-4526-97d2-4856d710da73">
    <Description>These are default test settings for a local test run.</Description>
    <Deployment enabled="false" runDeploymentRoot="Richard_RJKING-PC 2013-08-24 22_31_44">
      <DeploymentItem filename="C:\Development\SOURCE\csharp\LogicSimulator1\LogicSimulator1\bin\Debug\LogicSimulator1.dll" />
    </Deployment>
    <Execution>
      <TestTypeSpecific />
      <AgentRule name="Execution Agents">
      </AgentRule>
    </Execution>
  </TestSettings>
  <Times creation="2013-08-24T22:31:44.5078454-07:00" queuing="2013-08-24T22:31:44.5338468-07:00" start="2013-08-24T22:31:44.5398472-07:00" finish="2013-08-24T22:31:44.7818610-07:00" />
  <ResultSummary outcome="Completed">
    <Counters total="25" executed="25" passed="25" error="0" failed="0" timeout="0" aborted="0" inconclusive="0" passedButRunAborted="0" notRunnable="0" notExecuted="0" disconnected="0" warning="0" completed="0" inProgress="0" pending="0" />
  </ResultSummary>
  <TestDefinitions>
    <UnitTest name="TestNotGateNoInput" storage="c:\development\source\csharp\logicsimulator1\testproject1\bin\debug\testproject1.dll" id="6cfa26c1-c57f-472b-54f0-d4f6db03ec89">
      <Execution id="40513537-bc61-4477-a856-08a5bb8469aa" />
      <TestMethod codeBase="C:/Development/SOURCE/csharp/LogicSimulator1/TestProject1/bin/Debug/TestProject1.DLL" adapterTypeName="Microsoft.VisualStudio.TestTools.TestTypes.Unit.UnitTestAdapter, Microsoft.VisualStudio.QualityTools.Tips.UnitTest.Adapter, Version=10.0.0.0, Culture=neutral, PublicKeyToken=b03f5f7f11d50a3a" className="TestProject1.ComponentTests, TestProject1, Version=1.0.0.0, Culture=neutral, PublicKeyToken=null" name="TestNotGateNoInput" />
    </UnitTest>
    <UnitTest name="TestNAndGateNoInputA" storage="c:\development\source\csharp\logicsimulator1\testproject1\bin\debug\testproject1.dll" id="5004052d-044a-9c85-3dec-b5cdf3da3615">
      <Execution id="4d6a4c93-c480-4208-b01c-c06f5096088e" />
      <TestMethod codeBase="C:/Development/SOURCE/csharp/LogicSimulator1/TestProject1/bin/Debug/TestProject1.DLL" adapterTypeName="Microsoft.VisualStudio.TestTools.TestTypes.Unit.UnitTestAdapter, Microsoft.VisualStudio.QualityTools.Tips.UnitTest.Adapter, Version=10.0.0.0, Culture=neutral, PublicKeyToken=b03f5f7f11d50a3a" className="TestProject1.ComponentTests, TestProject1, Version=1.0.0.0, Culture=neutral, PublicKeyToken=null" name="TestNAndGateNoInputA" />
    </UnitTest>
    <UnitTest name="TestLatchAllConnectorsGood" storage="c:\development\source\csharp\logicsimulator1\testproject1\bin\debug\testproject1.dll" id="11e3e182-4492-bb13-512f-feeb8c1e5edb">
      <Execution id="b27ff0f4-3818-4490-aa39-da0decfab1f6" />
      <TestMethod codeBase="C:/Development/SOURCE/csharp/LogicSimulator1/TestProject1/bin/Debug/TestProject1.DLL" adapterTypeName="Microsoft.VisualStudio.TestTools.TestTypes.Unit.UnitTestAdapter, Microsoft.VisualStudio.QualityTools.Tips.UnitTest.Adapter, Version=10.0.0.0, Culture=neutral, PublicKeyToken=b03f5f7f11d50a3a" className="TestProject1.ComponentTests, TestProject1, Version=1.0.0.0, Culture=neutral, PublicKeyToken=null" name="TestLatchAllConnectorsGood" />
    </UnitTest>
    <UnitTest name="TestAndGateAllConnectorsGood" storage="c:\development\source\csharp\logicsimulator1\testproject1\bin\debug\testproject1.dll" id="65af5ec3-98f5-6fe0-248f-3dc622930795">
      <Execution id="918f11d6-a322-4b09-a449-0ee80ef4c687" />
      <TestMethod codeBase="C:/Development/SOURCE/csharp/LogicSimulator1/TestProject1/bin/Debug/TestProject1.DLL" adapterTypeName="Microsoft.VisualStudio.TestTools.TestTypes.Unit.UnitTestAdapter, Microsoft.VisualStudio.QualityTools.Tips.UnitTest.Adapter, Version=10.0.0.0, Culture=neutral, PublicKeyToken=b03f5f7f11d50a3a" className="TestProject1.ComponentTests, TestProject1, Version=1.0.0.0, Culture=neutral, PublicKeyToken=null" name="TestAndGateAllConnectorsGood" />
    </UnitTest>
    <UnitTest name="TestNOrGateNoInputA" storage="c:\development\source\csharp\logicsimulator1\testproject1\bin\debug\testproject1.dll" id="e55bcf73-0e13-e791-8984-3921f693fe26">
      <Execution id="5acdd8db-7d12-4956-91f0-39adf8a82594" />
      <TestMethod codeBase="C:/Development/SOURCE/csharp/LogicSimulator1/TestProject1/bin/Debug/TestProject1.DLL" adapterTypeName="Microsoft.VisualStudio.TestTools.TestTypes.Unit.UnitTestAdapter, Microsoft.VisualStudio.QualityTools.Tips.UnitTest.Adapter, Version=10.0.0.0, Culture=neutral, PublicKeyToken=b03f5f7f11d50a3a" className="TestProject1.ComponentTests, TestProject1, Version=1.0.0.0, Culture=neutral, PublicKeyToken=null" name="TestNOrGateNoInputA" />
    </UnitTest>
    <UnitTest name="TestNotGateNoOutput" storage="c:\development\source\csharp\logicsimulator1\testproject1\bin\debug\testproject1.dll" id="84f6f2e2-a62a-db86-a3c2-dfa45c2eedc6">
      <Execution id="e58dec3c-33fe-4090-9293-0bb8cfecf1d5" />
      <TestMethod codeBase="C:/Development/SOURCE/csharp/LogicSimulator1/TestProject1/bin/Debug/TestProject1.DLL" adapterTypeName="Microsoft.VisualStudio.TestTools.TestTypes.Unit.UnitTestAdapter, Microsoft.VisualStudio.QualityTools.Tips.UnitTest.Adapter, Version=10.0.0.0, Culture=neutral, PublicKeyToken=b03f5f7f11d50a3a" className="TestProject1.ComponentTests, TestProject1, Version=1.0.0.0, Culture=neutral, PublicKeyToken=null" name="TestNotGateNoOutput" />
    </UnitTest>
    <UnitTest name="TestOrGateAllConnectorsGood" storage="c:\development\source\csharp\logicsimulator1\testproject1\bin\debug\testproject1.dll" id="2a1fbb0e-ff5d-6e0f-de7a-4179d3ea21ef">
      <Execution id="db8d50b5-22fc-4f8d-a35e-9dccca8c202f" />
      <TestMethod codeBase="C:/Development/SOURCE/csharp/LogicSimulator1/TestProject1/bin/Debug/TestProject1.DLL" adapterTypeName="Microsoft.VisualStudio.TestTools.TestTypes.Unit.UnitTestAdapter, Microsoft.VisualStudio.QualityTools.Tips.UnitTest.Adapter, Version=10.0.0.0, Culture=neutral, PublicKeyToken=b03f5f7f11d50a3a" className="TestProject1.ComponentTests, TestProject1, Version=1.0.0.0, Culture=neutral, PublicKeyToken=null" name="TestOrGateAllConnectorsGood" />
    </UnitTest>
    <UnitTest name="TestNOrGateNoOutput" storage="c:\development\source\csharp\logicsimulator1\testproject1\bin\debug\testproject1.dll" id="dba8be23-60de-d8b0-4f8d-264d831808e8">
      <Execution id="f1f15cb1-c712-4604-ad37-13067a111f05" />
      <TestMethod codeBase="C:/Development/SOURCE/csharp/LogicSimulator1/TestProject1/bin/Debug/TestProject1.DLL" adapterTypeName="Microsoft.VisualStudio.TestTools.TestTypes.Unit.UnitTestAdapter, Microsoft.VisualStudio.QualityTools.Tips.UnitTest.Adapter, Version=10.0.0.0, Culture=neutral, PublicKeyToken=b03f5f7f11d50a3a" className="TestProject1.ComponentTests, TestProject1, Version=1.0.0.0, Culture=neutral, PublicKeyToken=null" name="TestNOrGateNoOutput" />
    </UnitTest>
    <UnitTest name="TestAndGateNoInputB" storage="c:\development\source\csharp\logicsimulator1\testproject1\bin\debug\testproject1.dll" id="17349c0c-2b4f-df80-a53d-d3826f5da30f">
      <Execution id="0cdb8ddf-70af-46c4-8966-55447fb6bd26" />
      <TestMethod codeBase="C:/Development/SOURCE/csharp/LogicSimulator1/TestProject1/bin/Debug/TestProject1.DLL" adapterTypeName="Microsoft.VisualStudio.TestTools.TestTypes.Unit.UnitTestAdapter, Microsoft.VisualStudio.QualityTools.Tips.UnitTest.Adapter, Version=10.0.0.0, Culture=neutral, PublicKeyToken=b03f5f7f11d50a3a" className="TestProject1.ComponentTests, TestProject1, Version=1.0.0.0, Culture=neutral, PublicKeyToken=null" name="TestAndGateNoInputB" />
    </UnitTest>
    <UnitTest name="TestAndGateNoOutput" storage="c:\development\source\csharp\logicsimulator1\testproject1\bin\debug\testproject1.dll" id="fb5807f1-0805-bdda-69f2-b72d92489d4b">
      <Execution id="398e544a-16b8-4fa0-bd1d-d6a8f15ffbeb" />
      <TestMethod codeBase="C:/Development/SOURCE/csharp/LogicSimulator1/TestProject1/bin/Debug/TestProject1.DLL" adapterTypeName="Microsoft.VisualStudio.TestTools.TestTypes.Unit.UnitTestAdapter, Microsoft.VisualStudio.QualityTools.Tips.UnitTest.Adapter, Version=10.0.0.0, Culture=neutral, PublicKeyToken=b03f5f7f11d50a3a" className="TestProject1.ComponentTests, TestProject1, Version=1.0.0.0, Culture=neutral, PublicKeyToken=null" name="TestAndGateNoOutput" />
    </UnitTest>
    <UnitTest name="TestBuiltUpNAndGateNoInputB" storage="c:\development\source\csharp\logicsimulator1\testproject1\bin\debug\testproject1.dll" id="619bc06d-7c1e-1c65-a4da-5711db5bdef8">
      <Execution id="ce0781a7-c217-434c-988a-2df664f5c1b3" />
      <TestMethod codeBase="C:/Development/SOURCE/csharp/LogicSimulator1/TestProject1/bin/Debug/TestProject1.DLL" adapterTypeName="Microsoft.VisualStudio.TestTools.TestTypes.Unit.UnitTestAdapter, Microsoft.VisualStudio.QualityTools.Tips.UnitTest.Adapter, Version=10.0.0.0, Culture=neutral, PublicKeyToken=b03f5f7f11d50a3a" className="TestProject1.ComponentTests, TestProject1, Version=1.0.0.0, Culture=neutral, PublicKeyToken=null" name="TestBuiltUpNAndGateNoInputB" />
    </UnitTest>
    <UnitTest name="TestNOrGateAllConnectorsGood" storage="c:\development\source\csharp\logicsimulator1\testproject1\bin\debug\testproject1.dll" id="43e0fd17-8169-0bdc-a973-8b2591cf392a">
      <Execution id="c6d71abc-6227-42a0-a525-4fc87caa3dd0" />
      <TestMethod codeBase="C:/Development/SOURCE/csharp/LogicSimulator1/TestProject1/bin/Debug/TestProject1.DLL" adapterTypeName="Microsoft.VisualStudio.TestTools.TestTypes.Unit.UnitTestAdapter, Microsoft.VisualStudio.QualityTools.Tips.UnitTest.Adapter, Version=10.0.0.0, Culture=neutral, PublicKeyToken=b03f5f7f11d50a3a" className="TestProject1.ComponentTests, TestProject1, Version=1.0.0.0, Culture=neutral, PublicKeyToken=null" name="TestNOrGateAllConnectorsGood" />
    </UnitTest>
    <UnitTest name="TestAndGateNoInputA" storage="c:\development\source\csharp\logicsimulator1\testproject1\bin\debug\testproject1.dll" id="38e08c4a-06f4-b630-843c-7925a5befcec">
      <Execution id="43771531-2c06-4b6f-b51a-031bcb23ca2c" />
      <TestMethod codeBase="C:/Development/SOURCE/csharp/LogicSimulator1/TestProject1/bin/Debug/TestProject1.DLL" adapterTypeName="Microsoft.VisualStudio.TestTools.TestTypes.Unit.UnitTestAdapter, Microsoft.VisualStudio.QualityTools.Tips.UnitTest.Adapter, Version=10.0.0.0, Culture=neutral, PublicKeyToken=b03f5f7f11d50a3a" className="TestProject1.ComponentTests, TestProject1, Version=1.0.0.0, Culture=neutral, PublicKeyToken=null" name="TestAndGateNoInputA" />
    </UnitTest>
    <UnitTest name="TestOrGateNoInputA" storage="c:\development\source\csharp\logicsimulator1\testproject1\bin\debug\testproject1.dll" id="30f181cb-bf1a-83b3-42e9-09f4661caf82">
      <Execution id="9952f6dd-65f3-47d3-a7ff-c78df08ec72f" />
      <TestMethod codeBase="C:/Development/SOURCE/csharp/LogicSimulator1/TestProject1/bin/Debug/TestProject1.DLL" adapterTypeName="Microsoft.VisualStudio.TestTools.TestTypes.Unit.UnitTestAdapter, Microsoft.VisualStudio.QualityTools.Tips.UnitTest.Adapter, Version=10.0.0.0, Culture=neutral, PublicKeyToken=b03f5f7f11d50a3a" className="TestProject1.ComponentTests, TestProject1, Version=1.0.0.0, Culture=neutral, PublicKeyToken=null" name="TestOrGateNoInputA" />
    </UnitTest>
    <UnitTest name="TestConnector" storage="c:\development\source\csharp\logicsimulator1\testproject1\bin\debug\testproject1.dll" id="f376a3fb-2337-ebca-50dd-519a0a42ead3">
      <Execution id="62d63184-782f-46f6-adf5-c3d3c8d10371" />
      <TestMethod codeBase="C:/Development/SOURCE/csharp/LogicSimulator1/TestProject1/bin/Debug/TestProject1.DLL" adapterTypeName="Microsoft.VisualStudio.TestTools.TestTypes.Unit.UnitTestAdapter, Microsoft.VisualStudio.QualityTools.Tips.UnitTest.Adapter, Version=10.0.0.0, Culture=neutral, PublicKeyToken=b03f5f7f11d50a3a" className="TestProject1.ComponentTests, TestProject1, Version=1.0.0.0, Culture=neutral, PublicKeyToken=null" name="TestConnector" />
    </UnitTest>
    <UnitTest name="TestBuiltUpNAndGateNoInputA" storage="c:\development\source\csharp\logicsimulator1\testproject1\bin\debug\testproject1.dll" id="f3fbd3b1-3e82-2a04-afc8-160df4c2c4d9">
      <Execution id="896d3c7e-7bdc-4d40-b266-85f71e98e3cb" />
      <TestMethod codeBase="C:/Development/SOURCE/csharp/LogicSimulator1/TestProject1/bin/Debug/TestProject1.DLL" adapterTypeName="Microsoft.VisualStudio.TestTools.TestTypes.Unit.UnitTestAdapter, Microsoft.VisualStudio.QualityTools.Tips.UnitTest.Adapter, Version=10.0.0.0, Culture=neutral, PublicKeyToken=b03f5f7f11d50a3a" className="TestProject1.ComponentTests, TestProject1, Version=1.0.0.0, Culture=neutral, PublicKeyToken=null" name="TestBuiltUpNAndGateNoInputA" />
    </UnitTest>
    <UnitTest name="TestBuiltUpNAndGateNoOutput" storage="c:\development\source\csharp\logicsimulator1\testproject1\bin\debug\testproject1.dll" id="68572fa0-99d0-3a58-165a-5fa1db79e272">
      <Execution id="7ce26ca8-880e-4399-b96d-520a7d816dff" />
      <TestMethod codeBase="C:/Development/SOURCE/csharp/LogicSimulator1/TestProject1/bin/Debug/TestProject1.DLL" adapterTypeName="Microsoft.VisualStudio.TestTools.TestTypes.Unit.UnitTestAdapter, Microsoft.VisualStudio.QualityTools.Tips.UnitTest.Adapter, Version=10.0.0.0, Culture=neutral, PublicKeyToken=b03f5f7f11d50a3a" className="TestProject1.ComponentTests, TestProject1, Version=1.0.0.0, Culture=neutral, PublicKeyToken=null" name="TestBuiltUpNAndGateNoOutput" />
    </UnitTest>
    <UnitTest name="TestNOrGateNoInputB" storage="c:\development\source\csharp\logicsimulator1\testproject1\bin\debug\testproject1.dll" id="50567949-4b62-083c-8f08-50579571fc41">
      <Execution id="643c1c6c-6d90-4244-993d-73a16b9cc140" />
      <TestMethod codeBase="C:/Development/SOURCE/csharp/LogicSimulator1/TestProject1/bin/Debug/TestProject1.DLL" adapterTypeName="Microsoft.VisualStudio.TestTools.TestTypes.Unit.UnitTestAdapter, Microsoft.VisualStudio.QualityTools.Tips.UnitTest.Adapter, Version=10.0.0.0, Culture=neutral, PublicKeyToken=b03f5f7f11d50a3a" className="TestProject1.ComponentTests, TestProject1, Version=1.0.0.0, Culture=neutral, PublicKeyToken=null" name="TestNOrGateNoInputB" />
    </UnitTest>
    <UnitTest name="TestNotGateBothConnectorsGood" storage="c:\development\source\csharp\logicsimulator1\testproject1\bin\debug\testproject1.dll" id="2da58501-8091-cf5c-2293-444a62a1155a">
      <Execution id="66aa87aa-870f-41d0-86cf-9984206cda28" />
      <TestMethod codeBase="C:/Development/SOURCE/csharp/LogicSimulator1/TestProject1/bin/Debug/TestProject1.DLL" adapterTypeName="Microsoft.VisualStudio.TestTools.TestTypes.Unit.UnitTestAdapter, Microsoft.VisualStudio.QualityTools.Tips.UnitTest.Adapter, Version=10.0.0.0, Culture=neutral, PublicKeyToken=b03f5f7f11d50a3a" className="TestProject1.ComponentTests, TestProject1, Version=1.0.0.0, Culture=neutral, PublicKeyToken=null" name="TestNotGateBothConnectorsGood" />
    </UnitTest>
    <UnitTest name="TestOrGateNoOutput" storage="c:\development\source\csharp\logicsimulator1\testproject1\bin\debug\testproject1.dll" id="56ee8ac3-6f44-dc82-942d-e365e9e42753">
      <Execution id="183654b9-db9a-498f-9445-0b23423f99ef" />
      <TestMethod codeBase="C:/Development/SOURCE/csharp/LogicSimulator1/TestProject1/bin/Debug/TestProject1.DLL" adapterTypeName="Microsoft.VisualStudio.TestTools.TestTypes.Unit.UnitTestAdapter, Microsoft.VisualStudio.QualityTools.Tips.UnitTest.Adapter, Version=10.0.0.0, Culture=neutral, PublicKeyToken=b03f5f7f11d50a3a" className="TestProject1.ComponentTests, TestProject1, Version=1.0.0.0, Culture=neutral, PublicKeyToken=null" name="TestOrGateNoOutput" />
    </UnitTest>
    <UnitTest name="TestNAndGateNoOutput" storage="c:\development\source\csharp\logicsimulator1\testproject1\bin\debug\testproject1.dll" id="3db94bd9-6b7a-b5f5-b54f-b64f1d001224">
      <Execution id="c14a23b5-dd9e-4ece-af98-8622573663c8" />
      <TestMethod codeBase="C:/Development/SOURCE/csharp/LogicSimulator1/TestProject1/bin/Debug/TestProject1.DLL" adapterTypeName="Microsoft.VisualStudio.TestTools.TestTypes.Unit.UnitTestAdapter, Microsoft.VisualStudio.QualityTools.Tips.UnitTest.Adapter, Version=10.0.0.0, Culture=neutral, PublicKeyToken=b03f5f7f11d50a3a" className="TestProject1.ComponentTests, TestProject1, Version=1.0.0.0, Culture=neutral, PublicKeyToken=null" name="TestNAndGateNoOutput" />
    </UnitTest>
    <UnitTest name="TestBuiltUpNAndGateAllConnectorsGood" storage="c:\development\source\csharp\logicsimulator1\testproject1\bin\debug\testproject1.dll" id="ba9dbdaa-ca26-83a5-1fbb-e1ec094e647d">
      <Execution id="25273fbc-0e71-453a-a338-21e6abcbc1a8" />
      <TestMethod codeBase="C:/Development/SOURCE/csharp/LogicSimulator1/TestProject1/bin/Debug/TestProject1.DLL" adapterTypeName="Microsoft.VisualStudio.TestTools.TestTypes.Unit.UnitTestAdapter, Microsoft.VisualStudio.QualityTools.Tips.UnitTest.Adapter, Version=10.0.0.0, Culture=neutral, PublicKeyToken=b03f5f7f11d50a3a" className="TestProject1.ComponentTests, TestProject1, Version=1.0.0.0, Culture=neutral, PublicKeyToken=null" name="TestBuiltUpNAndGateAllConnectorsGood" />
    </UnitTest>
    <UnitTest name="TestNAndGateNoInputB" storage="c:\development\source\csharp\logicsimulator1\testproject1\bin\debug\testproject1.dll" id="57a74ee9-4089-c06f-e5cc-ae14990cb458">
      <Execution id="8b9d24e9-7362-4bf2-8df3-a2431e231884" />
      <TestMethod codeBase="C:/Development/SOURCE/csharp/LogicSimulator1/TestProject1/bin/Debug/TestProject1.DLL" adapterTypeName="Microsoft.VisualStudio.TestTools.TestTypes.Unit.UnitTestAdapter, Microsoft.VisualStudio.QualityTools.Tips.UnitTest.Adapter, Version=10.0.0.0, Culture=neutral, PublicKeyToken=b03f5f7f11d50a3a" className="TestProject1.ComponentTests, TestProject1, Version=1.0.0.0, Culture=neutral, PublicKeyToken=null" name="TestNAndGateNoInputB" />
    </UnitTest>
    <UnitTest name="TestOrGateNoInputB" storage="c:\development\source\csharp\logicsimulator1\testproject1\bin\debug\testproject1.dll" id="60e535ce-241e-85aa-41a4-da6c2b175d54">
      <Execution id="c62d466f-99d5-4918-9d22-5c0aa2a0fc30" />
      <TestMethod codeBase="C:/Development/SOURCE/csharp/LogicSimulator1/TestProject1/bin/Debug/TestProject1.DLL" adapterTypeName="Microsoft.VisualStudio.TestTools.TestTypes.Unit.UnitTestAdapter, Microsoft.VisualStudio.QualityTools.Tips.UnitTest.Adapter, Version=10.0.0.0, Culture=neutral, PublicKeyToken=b03f5f7f11d50a3a" className="TestProject1.ComponentTests, TestProject1, Version=1.0.0.0, Culture=neutral, PublicKeyToken=null" name="TestOrGateNoInputB" />
    </UnitTest>
    <UnitTest name="TestNAndGateAllConnectorsGood" storage="c:\development\source\csharp\logicsimulator1\testproject1\bin\debug\testproject1.dll" id="14f21329-3350-7f49-6671-3890159c08f3">
      <Execution id="783684b6-1d2c-4299-b702-07d1da9ee3d9" />
      <TestMethod codeBase="C:/Development/SOURCE/csharp/LogicSimulator1/TestProject1/bin/Debug/TestProject1.DLL" adapterTypeName="Microsoft.VisualStudio.TestTools.TestTypes.Unit.UnitTestAdapter, Microsoft.VisualStudio.QualityTools.Tips.UnitTest.Adapter, Version=10.0.0.0, Culture=neutral, PublicKeyToken=b03f5f7f11d50a3a" className="TestProject1.ComponentTests, TestProject1, Version=1.0.0.0, Culture=neutral, PublicKeyToken=null" name="TestNAndGateAllConnectorsGood" />
    </UnitTest>
  </TestDefinitions>
  <TestLists>
    <TestList name="Results Not in a List" id="8c84fa94-04c1-424b-9868-57a2d4851a1d" />
    <TestList name="All Loaded Results" id="19431567-8539-422a-85d7-44ee4e166bda" />
  </TestLists>
  <TestEntries>
    <TestEntry testId="dba8be23-60de-d8b0-4f8d-264d831808e8" executionId="f1f15cb1-c712-4604-ad37-13067a111f05" testListId="8c84fa94-04c1-424b-9868-57a2d4851a1d" />
    <TestEntry testId="3db94bd9-6b7a-b5f5-b54f-b64f1d001224" executionId="c14a23b5-dd9e-4ece-af98-8622573663c8" testListId="8c84fa94-04c1-424b-9868-57a2d4851a1d" />
    <TestEntry testId="619bc06d-7c1e-1c65-a4da-5711db5bdef8" executionId="ce0781a7-c217-434c-988a-2df664f5c1b3" testListId="8c84fa94-04c1-424b-9868-57a2d4851a1d" />
    <TestEntry testId="ba9dbdaa-ca26-83a5-1fbb-e1ec094e647d" executionId="25273fbc-0e71-453a-a338-21e6abcbc1a8" testListId="8c84fa94-04c1-424b-9868-57a2d4851a1d" />
    <TestEntry testId="57a74ee9-4089-c06f-e5cc-ae14990cb458" executionId="8b9d24e9-7362-4bf2-8df3-a2431e231884" testListId="8c84fa94-04c1-424b-9868-57a2d4851a1d" />
    <TestEntry testId="65af5ec3-98f5-6fe0-248f-3dc622930795" executionId="918f11d6-a322-4b09-a449-0ee80ef4c687" testListId="8c84fa94-04c1-424b-9868-57a2d4851a1d" />
    <TestEntry testId="68572fa0-99d0-3a58-165a-5fa1db79e272" executionId="7ce26ca8-880e-4399-b96d-520a7d816dff" testListId="8c84fa94-04c1-424b-9868-57a2d4851a1d" />
    <TestEntry testId="f376a3fb-2337-ebca-50dd-519a0a42ead3" executionId="62d63184-782f-46f6-adf5-c3d3c8d10371" testListId="8c84fa94-04c1-424b-9868-57a2d4851a1d" />
    <TestEntry testId="38e08c4a-06f4-b630-843c-7925a5befcec" executionId="43771531-2c06-4b6f-b51a-031bcb23ca2c" testListId="8c84fa94-04c1-424b-9868-57a2d4851a1d" />
    <TestEntry testId="6cfa26c1-c57f-472b-54f0-d4f6db03ec89" executionId="40513537-bc61-4477-a856-08a5bb8469aa" testListId="8c84fa94-04c1-424b-9868-57a2d4851a1d" />
    <TestEntry testId="14f21329-3350-7f49-6671-3890159c08f3" executionId="783684b6-1d2c-4299-b702-07d1da9ee3d9" testListId="8c84fa94-04c1-424b-9868-57a2d4851a1d" />
    <TestEntry testId="f3fbd3b1-3e82-2a04-afc8-160df4c2c4d9" executionId="896d3c7e-7bdc-4d40-b266-85f71e98e3cb" testListId="8c84fa94-04c1-424b-9868-57a2d4851a1d" />
    <TestEntry testId="2a1fbb0e-ff5d-6e0f-de7a-4179d3ea21ef" executionId="db8d50b5-22fc-4f8d-a35e-9dccca8c202f" testListId="8c84fa94-04c1-424b-9868-57a2d4851a1d" />
    <TestEntry testId="11e3e182-4492-bb13-512f-feeb8c1e5edb" executionId="b27ff0f4-3818-4490-aa39-da0decfab1f6" testListId="8c84fa94-04c1-424b-9868-57a2d4851a1d" />
    <TestEntry testId="fb5807f1-0805-bdda-69f2-b72d92489d4b" executionId="398e544a-16b8-4fa0-bd1d-d6a8f15ffbeb" testListId="8c84fa94-04c1-424b-9868-57a2d4851a1d" />
    <TestEntry testId="5004052d-044a-9c85-3dec-b5cdf3da3615" executionId="4d6a4c93-c480-4208-b01c-c06f5096088e" testListId="8c84fa94-04c1-424b-9868-57a2d4851a1d" />
    <TestEntry testId="2da58501-8091-cf5c-2293-444a62a1155a" executionId="66aa87aa-870f-41d0-86cf-9984206cda28" testListId="8c84fa94-04c1-424b-9868-57a2d4851a1d" />
    <TestEntry testId="56ee8ac3-6f44-dc82-942d-e365e9e42753" executionId="183654b9-db9a-498f-9445-0b23423f99ef" testListId="8c84fa94-04c1-424b-9868-57a2d4851a1d" />
    <TestEntry testId="60e535ce-241e-85aa-41a4-da6c2b175d54" executionId="c62d466f-99d5-4918-9d22-5c0aa2a0fc30" testListId="8c84fa94-04c1-424b-9868-57a2d4851a1d" />
    <TestEntry testId="43e0fd17-8169-0bdc-a973-8b2591cf392a" executionId="c6d71abc-6227-42a0-a525-4fc87caa3dd0" testListId="8c84fa94-04c1-424b-9868-57a2d4851a1d" />
    <TestEntry testId="e55bcf73-0e13-e791-8984-3921f693fe26" executionId="5acdd8db-7d12-4956-91f0-39adf8a82594" testListId="8c84fa94-04c1-424b-9868-57a2d4851a1d" />
    <TestEntry testId="50567949-4b62-083c-8f08-50579571fc41" executionId="643c1c6c-6d90-4244-993d-73a16b9cc140" testListId="8c84fa94-04c1-424b-9868-57a2d4851a1d" />
    <TestEntry testId="17349c0c-2b4f-df80-a53d-d3826f5da30f" executionId="0cdb8ddf-70af-46c4-8966-55447fb6bd26" testListId="8c84fa94-04c1-424b-9868-57a2d4851a1d" />
    <TestEntry testId="30f181cb-bf1a-83b3-42e9-09f4661caf82" executionId="9952f6dd-65f3-47d3-a7ff-c78df08ec72f" testListId="8c84fa94-04c1-424b-9868-57a2d4851a1d" />
    <TestEntry testId="84f6f2e2-a62a-db86-a3c2-dfa45c2eedc6" executionId="e58dec3c-33fe-4090-9293-0bb8cfecf1d5" testListId="8c84fa94-04c1-424b-9868-57a2d4851a1d" />
  </TestEntries>
  <Results>
    <UnitTestResult executionId="f1f15cb1-c712-4604-ad37-13067a111f05" testId="dba8be23-60de-d8b0-4f8d-264d831808e8" testName="TestNOrGateNoOutput" computerName="RJKING-PC" duration="00:00:00.0127526" startTime="2013-08-24T22:31:44.5418473-07:00" endTime="2013-08-24T22:31:44.6718547-07:00" testType="13cdc9d9-ddb5-4fa4-a97d-d965ccfc6d4b" outcome="Passed" testListId="8c84fa94-04c1-424b-9868-57a2d4851a1d" relativeResultsDirectory="f1f15cb1-c712-4604-ad37-13067a111f05">
      <Output>
        <StdOut>Signal1[False] Signal2[False]
Signal1[True] Signal2[False]
Signal1[False] Signal2[True]
Signal1[True] Signal2[True]
Signal1[False] Signal2[False]
Signal1[True] Signal2[False]
Signal1[False] Signal2[True]
Signal1[True] Signal2[True]
Signal1[False] Signal2[False]
Signal1[True] Signal2[False]
Signal1[False] Signal2[True]
Signal1[True] Signal2[True]
Signal1[False] Signal2[False]
Signal1[True] Signal2[False]
Signal1[False] Signal2[True]
Signal1[True] Signal2[True]
Signal1[False] Signal2[False]
Signal1[True] Signal2[False]
Signal1[False] Signal2[True]
Signal1[True] Signal2[True]
Signal1[False] Signal2[False]
Signal1[True] Signal2[False]
Signal1[False] Signal2[True]
Signal1[True] Signal2[True]
Signal1[False] Signal2[False]
Signal1[True] Signal2[False]
Signal1[False] Signal2[True]
Signal1[True] Signal2[True]
Signal1[False] Signal2[False]</StdOut>
      </Output>
    </UnitTestResult>
    <UnitTestResult executionId="c14a23b5-dd9e-4ece-af98-8622573663c8" testId="3db94bd9-6b7a-b5f5-b54f-b64f1d001224" testName="TestNAndGateNoOutput" computerName="RJKING-PC" duration="00:00:00.0005860" startTime="2013-08-24T22:31:44.6978562-07:00" endTime="2013-08-24T22:31:44.6998563-07:00" testType="13cdc9d9-ddb5-4fa4-a97d-d965ccfc6d4b" outcome="Passed" testListId="8c84fa94-04c1-424b-9868-57a2d4851a1d" relativeResultsDirectory="c14a23b5-dd9e-4ece-af98-8622573663c8">
      <Output>
        <StdOut>Signal1[False] Signal2[False]
Signal1[True] Signal2[False]
Signal1[False] Signal2[True]
Signal1[True] Signal2[True]
Signal1[False] Signal2[False]
Signal1[True] Signal2[False]
Signal1[False] Signal2[True]
Signal1[True] Signal2[True]
Signal1[False] Signal2[False]
Signal1[True] Signal2[False]
Signal1[False] Signal2[True]
Signal1[True] Signal2[True]
Signal1[False] Signal2[False]
Signal1[True] Signal2[False]
Signal1[False] Signal2[True]
Signal1[True] Signal2[True]
Signal1[False] Signal2[False]
Signal1[True] Signal2[False]
Signal1[False] Signal2[True]
Signal1[True] Signal2[True]
Signal1[False] Signal2[False]
Signal1[True] Signal2[False]
Signal1[False] Signal2[True]
Signal1[True] Signal2[True]
Signal1[False] Signal2[False]
Signal1[True] Signal2[False]
Signal1[False] Signal2[True]
Signal1[True] Signal2[True]
Signal1[False] Signal2[False]</StdOut>
      </Output>
    </UnitTestResult>
    <UnitTestResult executionId="ce0781a7-c217-434c-988a-2df664f5c1b3" testId="619bc06d-7c1e-1c65-a4da-5711db5bdef8" testName="TestBuiltUpNAndGateNoInputB" computerName="RJKING-PC" duration="00:00:00.0009197" startTime="2013-08-24T22:31:44.7008564-07:00" endTime="2013-08-24T22:31:44.7038566-07:00" testType="13cdc9d9-ddb5-4fa4-a97d-d965ccfc6d4b" outcome="Passed" testListId="8c84fa94-04c1-424b-9868-57a2d4851a1d" relativeResultsDirectory="ce0781a7-c217-434c-988a-2df664f5c1b3">
      <Output>
        <StdOut>Signal1[False] Signal2[False] = Result[True]
Signal1[True] Signal2[False] = Result[True]
Signal1[False] Signal2[True] = Result[True]
Signal1[True] Signal2[True] = Result[True]
Signal1[False] Signal2[False] = Result[True]
Signal1[True] Signal2[False] = Result[True]
Signal1[False] Signal2[True] = Result[True]
Signal1[True] Signal2[True] = Result[True]
Signal1[False] Signal2[False] = Result[True]
Signal1[True] Signal2[False] = Result[True]
Signal1[False] Signal2[True] = Result[True]
Signal1[True] Signal2[True] = Result[True]
Signal1[False] Signal2[False] = Result[True]
Signal1[True] Signal2[False] = Result[True]
Signal1[False] Signal2[True] = Result[True]
Signal1[True] Signal2[True] = Result[True]
Signal1[False] Signal2[False] = Result[True]
Signal1[True] Signal2[False] = Result[True]
Signal1[False] Signal2[True] = Result[True]
Signal1[True] Signal2[True] = Result[True]
Signal1[False] Signal2[False] = Result[True]
Signal1[True] Signal2[False] = Result[True]
Signal1[False] Signal2[True] = Result[True]
Signal1[True] Signal2[True] = Result[True]
Signal1[False] Signal2[False] = Result[True]
Signal1[True] Signal2[False] = Result[True]
Signal1[False] Signal2[True] = Result[True]
Signal1[True] Signal2[True] = Result[True]
Signal1[False] Signal2[False] = Result[True]</StdOut>
      </Output>
    </UnitTestResult>
    <UnitTestResult executionId="25273fbc-0e71-453a-a338-21e6abcbc1a8" testId="ba9dbdaa-ca26-83a5-1fbb-e1ec094e647d" testName="TestBuiltUpNAndGateAllConnectorsGood" computerName="RJKING-PC" duration="00:00:00.0004498" startTime="2013-08-24T22:31:44.7048566-07:00" endTime="2013-08-24T22:31:44.7068567-07:00" testType="13cdc9d9-ddb5-4fa4-a97d-d965ccfc6d4b" outcome="Passed" testListId="8c84fa94-04c1-424b-9868-57a2d4851a1d" relativeResultsDirectory="25273fbc-0e71-453a-a338-21e6abcbc1a8">
      <Output>
        <StdOut>Signal1[False] Signal2[False] = Result[True]
Signal1[True] Signal2[False] = Result[True]
Signal1[False] Signal2[True] = Result[True]
Signal1[True] Signal2[True] = Result[False]
Signal1[False] Signal2[False] = Result[True]
Signal1[True] Signal2[False] = Result[True]
Signal1[False] Signal2[True] = Result[True]
Signal1[True] Signal2[True] = Result[False]
Signal1[False] Signal2[False] = Result[True]
Signal1[True] Signal2[False] = Result[True]
Signal1[False] Signal2[True] = Result[True]
Signal1[True] Signal2[True] = Result[False]
Signal1[False] Signal2[False] = Result[True]
Signal1[True] Signal2[False] = Result[True]
Signal1[False] Signal2[True] = Result[True]
Signal1[True] Signal2[True] = Result[False]
Signal1[False] Signal2[False] = Result[True]
Signal1[True] Signal2[False] = Result[True]
Signal1[False] Signal2[True] = Result[True]
Signal1[True] Signal2[True] = Result[False]
Signal1[False] Signal2[False] = Result[True]
Signal1[True] Signal2[False] = Result[True]
Signal1[False] Signal2[True] = Result[True]
Signal1[True] Signal2[True] = Result[False]
Signal1[False] Signal2[False] = Result[True]
Signal1[True] Signal2[False] = Result[True]
Signal1[False] Signal2[True] = Result[True]
Signal1[True] Signal2[True] = Result[False]
Signal1[False] Signal2[False] = Result[True]</StdOut>
      </Output>
    </UnitTestResult>
    <UnitTestResult executionId="8b9d24e9-7362-4bf2-8df3-a2431e231884" testId="57a74ee9-4089-c06f-e5cc-ae14990cb458" testName="TestNAndGateNoInputB" computerName="RJKING-PC" duration="00:00:00.0004010" startTime="2013-08-24T22:31:44.7078568-07:00" endTime="2013-08-24T22:31:44.7088569-07:00" testType="13cdc9d9-ddb5-4fa4-a97d-d965ccfc6d4b" outcome="Passed" testListId="8c84fa94-04c1-424b-9868-57a2d4851a1d" relativeResultsDirectory="8b9d24e9-7362-4bf2-8df3-a2431e231884">
      <Output>
        <StdOut>Signal1[False] Signal2[False] = Result[True]
Signal1[True] Signal2[False] = Result[True]
Signal1[False] Signal2[True] = Result[True]
Signal1[True] Signal2[True] = Result[True]
Signal1[False] Signal2[False] = Result[True]
Signal1[True] Signal2[False] = Result[True]
Signal1[False] Signal2[True] = Result[True]
Signal1[True] Signal2[True] = Result[True]
Signal1[False] Signal2[False] = Result[True]
Signal1[True] Signal2[False] = Result[True]
Signal1[False] Signal2[True] = Result[True]
Signal1[True] Signal2[True] = Result[True]
Signal1[False] Signal2[False] = Result[True]
Signal1[True] Signal2[False] = Result[True]
Signal1[False] Signal2[True] = Result[True]
Signal1[True] Signal2[True] = Result[True]
Signal1[False] Signal2[False] = Result[True]
Signal1[True] Signal2[False] = Result[True]
Signal1[False] Signal2[True] = Result[True]
Signal1[True] Signal2[True] = Result[True]
Signal1[False] Signal2[False] = Result[True]
Signal1[True] Signal2[False] = Result[True]
Signal1[False] Signal2[True] = Result[True]
Signal1[True] Signal2[True] = Result[True]
Signal1[False] Signal2[False] = Result[True]
Signal1[True] Signal2[False] = Result[True]
Signal1[False] Signal2[True] = Result[True]
Signal1[True] Signal2[True] = Result[True]
Signal1[False] Signal2[False] = Result[True]</StdOut>
      </Output>
    </UnitTestResult>
    <UnitTestResult executionId="918f11d6-a322-4b09-a449-0ee80ef4c687" testId="65af5ec3-98f5-6fe0-248f-3dc622930795" testName="TestAndGateAllConnectorsGood" computerName="RJKING-PC" duration="00:00:00.0004296" startTime="2013-08-24T22:31:44.7108570-07:00" endTime="2013-08-24T22:31:44.7118570-07:00" testType="13cdc9d9-ddb5-4fa4-a97d-d965ccfc6d4b" outcome="Passed" testListId="8c84fa94-04c1-424b-9868-57a2d4851a1d" relativeResultsDirectory="918f11d6-a322-4b09-a449-0ee80ef4c687">
      <Output>
        <StdOut>Signal1[False] Signal2[False] = Result[False]
Signal1[True] Signal2[False] = Result[False]
Signal1[False] Signal2[True] = Result[False]
Signal1[True] Signal2[True] = Result[True]
Signal1[False] Signal2[False] = Result[False]
Signal1[True] Signal2[False] = Result[False]
Signal1[False] Signal2[True] = Result[False]
Signal1[True] Signal2[True] = Result[True]
Signal1[False] Signal2[False] = Result[False]
Signal1[True] Signal2[False] = Result[False]
Signal1[False] Signal2[True] = Result[False]
Signal1[True] Signal2[True] = Result[True]
Signal1[False] Signal2[False] = Result[False]
Signal1[True] Signal2[False] = Result[False]
Signal1[False] Signal2[True] = Result[False]
Signal1[True] Signal2[True] = Result[True]
Signal1[False] Signal2[False] = Result[False]
Signal1[True] Signal2[False] = Result[False]
Signal1[False] Signal2[True] = Result[False]
Signal1[True] Signal2[True] = Result[True]
Signal1[False] Signal2[False] = Result[False]
Signal1[True] Signal2[False] = Result[False]
Signal1[False] Signal2[True] = Result[False]
Signal1[True] Signal2[True] = Result[True]
Signal1[False] Signal2[False] = Result[False]
Signal1[True] Signal2[False] = Result[False]
Signal1[False] Signal2[True] = Result[False]
Signal1[True] Signal2[True] = Result[True]
Signal1[False] Signal2[False] = Result[False]</StdOut>
      </Output>
    </UnitTestResult>
    <UnitTestResult executionId="7ce26ca8-880e-4399-b96d-520a7d816dff" testId="68572fa0-99d0-3a58-165a-5fa1db79e272" testName="TestBuiltUpNAndGateNoOutput" computerName="RJKING-PC" duration="00:00:00.0004039" startTime="2013-08-24T22:31:44.7138571-07:00" endTime="2013-08-24T22:31:44.7148572-07:00" testType="13cdc9d9-ddb5-4fa4-a97d-d965ccfc6d4b" outcome="Passed" testListId="8c84fa94-04c1-424b-9868-57a2d4851a1d" relativeResultsDirectory="7ce26ca8-880e-4399-b96d-520a7d816dff">
      <Output>
        <StdOut>Signal1[False] Signal2[False]
Signal1[True] Signal2[False]
Signal1[False] Signal2[True]
Signal1[True] Signal2[True]
Signal1[False] Signal2[False]
Signal1[True] Signal2[False]
Signal1[False] Signal2[True]
Signal1[True] Signal2[True]
Signal1[False] Signal2[False]
Signal1[True] Signal2[False]
Signal1[False] Signal2[True]
Signal1[True] Signal2[True]
Signal1[False] Signal2[False]
Signal1[True] Signal2[False]
Signal1[False] Signal2[True]
Signal1[True] Signal2[True]
Signal1[False] Signal2[False]
Signal1[True] Signal2[False]
Signal1[False] Signal2[True]
Signal1[True] Signal2[True]
Signal1[False] Signal2[False]
Signal1[True] Signal2[False]
Signal1[False] Signal2[True]
Signal1[True] Signal2[True]
Signal1[False] Signal2[False]
Signal1[True] Signal2[False]
Signal1[False] Signal2[True]
Signal1[True] Signal2[True]
Signal1[False] Signal2[False]</StdOut>
      </Output>
    </UnitTestResult>
    <UnitTestResult executionId="62d63184-782f-46f6-adf5-c3d3c8d10371" testId="f376a3fb-2337-ebca-50dd-519a0a42ead3" testName="TestConnector" computerName="RJKING-PC" duration="00:00:00.0001145" startTime="2013-08-24T22:31:44.7158573-07:00" endTime="2013-08-24T22:31:44.7178574-07:00" testType="13cdc9d9-ddb5-4fa4-a97d-d965ccfc6d4b" outcome="Passed" testListId="8c84fa94-04c1-424b-9868-57a2d4851a1d" relativeResultsDirectory="62d63184-782f-46f6-adf5-c3d3c8d10371">
    </UnitTestResult>
    <UnitTestResult executionId="43771531-2c06-4b6f-b51a-031bcb23ca2c" testId="38e08c4a-06f4-b630-843c-7925a5befcec" testName="TestAndGateNoInputA" computerName="RJKING-PC" duration="00:00:00.0004015" startTime="2013-08-24T22:31:44.7188574-07:00" endTime="2013-08-24T22:31:44.7208575-07:00" testType="13cdc9d9-ddb5-4fa4-a97d-d965ccfc6d4b" outcome="Passed" testListId="8c84fa94-04c1-424b-9868-57a2d4851a1d" relativeResultsDirectory="43771531-2c06-4b6f-b51a-031bcb23ca2c">
      <Output>
        <StdOut>Signal1[False] Signal2[False] = Result[False]
Signal1[True] Signal2[False] = Result[False]
Signal1[False] Signal2[True] = Result[False]
Signal1[True] Signal2[True] = Result[False]
Signal1[False] Signal2[False] = Result[False]
Signal1[True] Signal2[False] = Result[False]
Signal1[False] Signal2[True] = Result[False]
Signal1[True] Signal2[True] = Result[False]
Signal1[False] Signal2[False] = Result[False]
Signal1[True] Signal2[False] = Result[False]
Signal1[False] Signal2[True] = Result[False]
Signal1[True] Signal2[True] = Result[False]
Signal1[False] Signal2[False] = Result[False]
Signal1[True] Signal2[False] = Result[False]
Signal1[False] Signal2[True] = Result[False]
Signal1[True] Signal2[True] = Result[False]
Signal1[False] Signal2[False] = Result[False]
Signal1[True] Signal2[False] = Result[False]
Signal1[False] Signal2[True] = Result[False]
Signal1[True] Signal2[True] = Result[False]
Signal1[False] Signal2[False] = Result[False]
Signal1[True] Signal2[False] = Result[False]
Signal1[False] Signal2[True] = Result[False]
Signal1[True] Signal2[True] = Result[False]
Signal1[False] Signal2[False] = Result[False]
Signal1[True] Signal2[False] = Result[False]
Signal1[False] Signal2[True] = Result[False]
Signal1[True] Signal2[True] = Result[False]
Signal1[False] Signal2[False] = Result[False]</StdOut>
      </Output>
    </UnitTestResult>
    <UnitTestResult executionId="40513537-bc61-4477-a856-08a5bb8469aa" testId="6cfa26c1-c57f-472b-54f0-d4f6db03ec89" testName="TestNotGateNoInput" computerName="RJKING-PC" duration="00:00:00.0002501" startTime="2013-08-24T22:31:44.7218576-07:00" endTime="2013-08-24T22:31:44.7228577-07:00" testType="13cdc9d9-ddb5-4fa4-a97d-d965ccfc6d4b" outcome="Passed" testListId="8c84fa94-04c1-424b-9868-57a2d4851a1d" relativeResultsDirectory="40513537-bc61-4477-a856-08a5bb8469aa">
    </UnitTestResult>
    <UnitTestResult executionId="783684b6-1d2c-4299-b702-07d1da9ee3d9" testId="14f21329-3350-7f49-6671-3890159c08f3" testName="TestNAndGateAllConnectorsGood" computerName="RJKING-PC" duration="00:00:00.0004395" startTime="2013-08-24T22:31:44.7238577-07:00" endTime="2013-08-24T22:31:44.7258578-07:00" testType="13cdc9d9-ddb5-4fa4-a97d-d965ccfc6d4b" outcome="Passed" testListId="8c84fa94-04c1-424b-9868-57a2d4851a1d" relativeResultsDirectory="783684b6-1d2c-4299-b702-07d1da9ee3d9">
      <Output>
        <StdOut>Signal1[False] Signal2[False] = Result[True]
Signal1[True] Signal2[False] = Result[True]
Signal1[False] Signal2[True] = Result[True]
Signal1[True] Signal2[True] = Result[False]
Signal1[False] Signal2[False] = Result[True]
Signal1[True] Signal2[False] = Result[True]
Signal1[False] Signal2[True] = Result[True]
Signal1[True] Signal2[True] = Result[False]
Signal1[False] Signal2[False] = Result[True]
Signal1[True] Signal2[False] = Result[True]
Signal1[False] Signal2[True] = Result[True]
Signal1[True] Signal2[True] = Result[False]
Signal1[False] Signal2[False] = Result[True]
Signal1[True] Signal2[False] = Result[True]
Signal1[False] Signal2[True] = Result[True]
Signal1[True] Signal2[True] = Result[False]
Signal1[False] Signal2[False] = Result[True]
Signal1[True] Signal2[False] = Result[True]
Signal1[False] Signal2[True] = Result[True]
Signal1[True] Signal2[True] = Result[False]
Signal1[False] Signal2[False] = Result[True]
Signal1[True] Signal2[False] = Result[True]
Signal1[False] Signal2[True] = Result[True]
Signal1[True] Signal2[True] = Result[False]
Signal1[False] Signal2[False] = Result[True]
Signal1[True] Signal2[False] = Result[True]
Signal1[False] Signal2[True] = Result[True]
Signal1[True] Signal2[True] = Result[False]
Signal1[False] Signal2[False] = Result[True]</StdOut>
      </Output>
    </UnitTestResult>
    <UnitTestResult executionId="896d3c7e-7bdc-4d40-b266-85f71e98e3cb" testId="f3fbd3b1-3e82-2a04-afc8-160df4c2c4d9" testName="TestBuiltUpNAndGateNoInputA" computerName="RJKING-PC" duration="00:00:00.0004515" startTime="2013-08-24T22:31:44.7268579-07:00" endTime="2013-08-24T22:31:44.7288580-07:00" testType="13cdc9d9-ddb5-4fa4-a97d-d965ccfc6d4b" outcome="Passed" testListId="8c84fa94-04c1-424b-9868-57a2d4851a1d" relativeResultsDirectory="896d3c7e-7bdc-4d40-b266-85f71e98e3cb">
      <Output>
        <StdOut>Signal1[False] Signal2[False] = Result[True]
Signal1[True] Signal2[False] = Result[True]
Signal1[False] Signal2[True] = Result[True]
Signal1[True] Signal2[True] = Result[True]
Signal1[False] Signal2[False] = Result[True]
Signal1[True] Signal2[False] = Result[True]
Signal1[False] Signal2[True] = Result[True]
Signal1[True] Signal2[True] = Result[True]
Signal1[False] Signal2[False] = Result[True]
Signal1[True] Signal2[False] = Result[True]
Signal1[False] Signal2[True] = Result[True]
Signal1[True] Signal2[True] = Result[True]
Signal1[False] Signal2[False] = Result[True]
Signal1[True] Signal2[False] = Result[True]
Signal1[False] Signal2[True] = Result[True]
Signal1[True] Signal2[True] = Result[True]
Signal1[False] Signal2[False] = Result[True]
Signal1[True] Signal2[False] = Result[True]
Signal1[False] Signal2[True] = Result[True]
Signal1[True] Signal2[True] = Result[True]
Signal1[False] Signal2[False] = Result[True]
Signal1[True] Signal2[False] = Result[True]
Signal1[False] Signal2[True] = Result[True]
Signal1[True] Signal2[True] = Result[True]
Signal1[False] Signal2[False] = Result[True]
Signal1[True] Signal2[False] = Result[True]
Signal1[False] Signal2[True] = Result[True]
Signal1[True] Signal2[True] = Result[True]
Signal1[False] Signal2[False] = Result[True]</StdOut>
      </Output>
    </UnitTestResult>
    <UnitTestResult executionId="db8d50b5-22fc-4f8d-a35e-9dccca8c202f" testId="2a1fbb0e-ff5d-6e0f-de7a-4179d3ea21ef" testName="TestOrGateAllConnectorsGood" computerName="RJKING-PC" duration="00:00:00.0005860" startTime="2013-08-24T22:31:44.7298581-07:00" endTime="2013-08-24T22:31:44.7318582-07:00" testType="13cdc9d9-ddb5-4fa4-a97d-d965ccfc6d4b" outcome="Passed" testListId="8c84fa94-04c1-424b-9868-57a2d4851a1d" relativeResultsDirectory="db8d50b5-22fc-4f8d-a35e-9dccca8c202f">
      <Output>
        <StdOut>Signal1[False] Signal2[False] = Result[False]
Signal1[True] Signal2[False] = Result[True]
Signal1[False] Signal2[True] = Result[True]
Signal1[True] Signal2[True] = Result[True]
Signal1[False] Signal2[False] = Result[False]
Signal1[True] Signal2[False] = Result[True]
Signal1[False] Signal2[True] = Result[True]
Signal1[True] Signal2[True] = Result[True]
Signal1[False] Signal2[False] = Result[False]
Signal1[True] Signal2[False] = Result[True]
Signal1[False] Signal2[True] = Result[True]
Signal1[True] Signal2[True] = Result[True]
Signal1[False] Signal2[False] = Result[False]
Signal1[True] Signal2[False] = Result[True]
Signal1[False] Signal2[True] = Result[True]
Signal1[True] Signal2[True] = Result[True]
Signal1[False] Signal2[False] = Result[False]
Signal1[True] Signal2[False] = Result[True]
Signal1[False] Signal2[True] = Result[True]
Signal1[True] Signal2[True] = Result[True]
Signal1[False] Signal2[False] = Result[False]
Signal1[True] Signal2[False] = Result[True]
Signal1[False] Signal2[True] = Result[True]
Signal1[True] Signal2[True] = Result[True]
Signal1[False] Signal2[False] = Result[False]
Signal1[True] Signal2[False] = Result[True]
Signal1[False] Signal2[True] = Result[True]
Signal1[True] Signal2[True] = Result[True]
Signal1[False] Signal2[False] = Result[False]</StdOut>
      </Output>
    </UnitTestResult>
    <UnitTestResult executionId="b27ff0f4-3818-4490-aa39-da0decfab1f6" testId="11e3e182-4492-bb13-512f-feeb8c1e5edb" testName="TestLatchAllConnectorsGood" computerName="RJKING-PC" duration="00:00:00.0004723" startTime="2013-08-24T22:31:44.7328582-07:00" endTime="2013-08-24T22:31:44.7348583-07:00" testType="13cdc9d9-ddb5-4fa4-a97d-d965ccfc6d4b" outcome="Passed" testListId="8c84fa94-04c1-424b-9868-57a2d4851a1d" relativeResultsDirectory="b27ff0f4-3818-4490-aa39-da0decfab1f6">
      <Output>
        <StdOut>Q[True] NOT_Q[False]
Q[True] NOT_Q[False]
Q[True] NOT_Q[False]
Strobing Reset
Q[False] NOT_Q[True]
Q[False] NOT_Q[True]
Q[False] NOT_Q[True]
Q[False] NOT_Q[True]
Strobing Set
Q[False] NOT_Q[False]
Q[True] NOT_Q[False]
Q[True] NOT_Q[False]
Q[True] NOT_Q[False]
Strobing Reset
Q[False] NOT_Q[True]
Q[False] NOT_Q[True]
Q[False] NOT_Q[True]
Q[False] NOT_Q[True]
Strobing Set
Q[False] NOT_Q[False]
Q[True] NOT_Q[False]
Q[True] NOT_Q[False]
Q[True] NOT_Q[False]
Strobing Reset
Q[False] NOT_Q[True]
Q[False] NOT_Q[True]
Q[False] NOT_Q[True]
Q[False] NOT_Q[True]
Strobing Set
Q[False] NOT_Q[False]
Q[True] NOT_Q[False]
Q[True] NOT_Q[False]
Q[True] NOT_Q[False]
Strobing Reset
Q[False] NOT_Q[True]
Q[False] NOT_Q[True]</StdOut>
      </Output>
    </UnitTestResult>
    <UnitTestResult executionId="398e544a-16b8-4fa0-bd1d-d6a8f15ffbeb" testId="fb5807f1-0805-bdda-69f2-b72d92489d4b" testName="TestAndGateNoOutput" computerName="RJKING-PC" duration="00:00:00.0003600" startTime="2013-08-24T22:31:44.7358584-07:00" endTime="2013-08-24T22:31:44.7378585-07:00" testType="13cdc9d9-ddb5-4fa4-a97d-d965ccfc6d4b" outcome="Passed" testListId="8c84fa94-04c1-424b-9868-57a2d4851a1d" relativeResultsDirectory="398e544a-16b8-4fa0-bd1d-d6a8f15ffbeb">
      <Output>
        <StdOut>Signal1[False] Signal2[False]
Signal1[True] Signal2[False]
Signal1[False] Signal2[True]
Signal1[True] Signal2[True]
Signal1[False] Signal2[False]
Signal1[True] Signal2[False]
Signal1[False] Signal2[True]
Signal1[True] Signal2[True]
Signal1[False] Signal2[False]
Signal1[True] Signal2[False]
Signal1[False] Signal2[True]
Signal1[True] Signal2[True]
Signal1[False] Signal2[False]
Signal1[True] Signal2[False]
Signal1[False] Signal2[True]
Signal1[True] Signal2[True]
Signal1[False] Signal2[False]
Signal1[True] Signal2[False]
Signal1[False] Signal2[True]
Signal1[True] Signal2[True]
Signal1[False] Signal2[False]
Signal1[True] Signal2[False]
Signal1[False] Signal2[True]
Signal1[True] Signal2[True]
Signal1[False] Signal2[False]
Signal1[True] Signal2[False]
Signal1[False] Signal2[True]
Signal1[True] Signal2[True]
Signal1[False] Signal2[False]</StdOut>
      </Output>
    </UnitTestResult>
    <UnitTestResult executionId="4d6a4c93-c480-4208-b01c-c06f5096088e" testId="5004052d-044a-9c85-3dec-b5cdf3da3615" testName="TestNAndGateNoInputA" computerName="RJKING-PC" duration="00:00:00.0003928" startTime="2013-08-24T22:31:44.7388586-07:00" endTime="2013-08-24T22:31:44.7398586-07:00" testType="13cdc9d9-ddb5-4fa4-a97d-d965ccfc6d4b" outcome="Passed" testListId="8c84fa94-04c1-424b-9868-57a2d4851a1d" relativeResultsDirectory="4d6a4c93-c480-4208-b01c-c06f5096088e">
      <Output>
        <StdOut>Signal1[False] Signal2[False] = Result[True]
Signal1[True] Signal2[False] = Result[True]
Signal1[False] Signal2[True] = Result[True]
Signal1[True] Signal2[True] = Result[True]
Signal1[False] Signal2[False] = Result[True]
Signal1[True] Signal2[False] = Result[True]
Signal1[False] Signal2[True] = Result[True]
Signal1[True] Signal2[True] = Result[True]
Signal1[False] Signal2[False] = Result[True]
Signal1[True] Signal2[False] = Result[True]
Signal1[False] Signal2[True] = Result[True]
Signal1[True] Signal2[True] = Result[True]
Signal1[False] Signal2[False] = Result[True]
Signal1[True] Signal2[False] = Result[True]
Signal1[False] Signal2[True] = Result[True]
Signal1[True] Signal2[True] = Result[True]
Signal1[False] Signal2[False] = Result[True]
Signal1[True] Signal2[False] = Result[True]
Signal1[False] Signal2[True] = Result[True]
Signal1[True] Signal2[True] = Result[True]
Signal1[False] Signal2[False] = Result[True]
Signal1[True] Signal2[False] = Result[True]
Signal1[False] Signal2[True] = Result[True]
Signal1[True] Signal2[True] = Result[True]
Signal1[False] Signal2[False] = Result[True]
Signal1[True] Signal2[False] = Result[True]
Signal1[False] Signal2[True] = Result[True]
Signal1[True] Signal2[True] = Result[True]
Signal1[False] Signal2[False] = Result[True]</StdOut>
      </Output>
    </UnitTestResult>
    <UnitTestResult executionId="66aa87aa-870f-41d0-86cf-9984206cda28" testId="2da58501-8091-cf5c-2293-444a62a1155a" testName="TestNotGateBothConnectorsGood" computerName="RJKING-PC" duration="00:00:00.0002712" startTime="2013-08-24T22:31:44.7408587-07:00" endTime="2013-08-24T22:31:44.7428588-07:00" testType="13cdc9d9-ddb5-4fa4-a97d-d965ccfc6d4b" outcome="Passed" testListId="8c84fa94-04c1-424b-9868-57a2d4851a1d" relativeResultsDirectory="66aa87aa-870f-41d0-86cf-9984206cda28">
    </UnitTestResult>
    <UnitTestResult executionId="183654b9-db9a-498f-9445-0b23423f99ef" testId="56ee8ac3-6f44-dc82-942d-e365e9e42753" testName="TestOrGateNoOutput" computerName="RJKING-PC" duration="00:00:00.0003527" startTime="2013-08-24T22:31:44.7438589-07:00" endTime="2013-08-24T22:31:44.7458590-07:00" testType="13cdc9d9-ddb5-4fa4-a97d-d965ccfc6d4b" outcome="Passed" testListId="8c84fa94-04c1-424b-9868-57a2d4851a1d" relativeResultsDirectory="183654b9-db9a-498f-9445-0b23423f99ef">
      <Output>
        <StdOut>Signal1[False] Signal2[False]
Signal1[True] Signal2[False]
Signal1[False] Signal2[True]
Signal1[True] Signal2[True]
Signal1[False] Signal2[False]
Signal1[True] Signal2[False]
Signal1[False] Signal2[True]
Signal1[True] Signal2[True]
Signal1[False] Signal2[False]
Signal1[True] Signal2[False]
Signal1[False] Signal2[True]
Signal1[True] Signal2[True]
Signal1[False] Signal2[False]
Signal1[True] Signal2[False]
Signal1[False] Signal2[True]
Signal1[True] Signal2[True]
Signal1[False] Signal2[False]
Signal1[True] Signal2[False]
Signal1[False] Signal2[True]
Signal1[True] Signal2[True]
Signal1[False] Signal2[False]
Signal1[True] Signal2[False]
Signal1[False] Signal2[True]
Signal1[True] Signal2[True]
Signal1[False] Signal2[False]
Signal1[True] Signal2[False]
Signal1[False] Signal2[True]
Signal1[True] Signal2[True]
Signal1[False] Signal2[False]</StdOut>
      </Output>
    </UnitTestResult>
    <UnitTestResult executionId="c62d466f-99d5-4918-9d22-5c0aa2a0fc30" testId="60e535ce-241e-85aa-41a4-da6c2b175d54" testName="TestOrGateNoInputB" computerName="RJKING-PC" duration="00:00:00.0004398" startTime="2013-08-24T22:31:44.7548595-07:00" endTime="2013-08-24T22:31:44.7568596-07:00" testType="13cdc9d9-ddb5-4fa4-a97d-d965ccfc6d4b" outcome="Passed" testListId="8c84fa94-04c1-424b-9868-57a2d4851a1d" relativeResultsDirectory="c62d466f-99d5-4918-9d22-5c0aa2a0fc30">
      <Output>
        <StdOut>Signal1[False] Signal2[False] = Result[False]
Signal1[True] Signal2[False] = Result[True]
Signal1[False] Signal2[True] = Result[False]
Signal1[True] Signal2[True] = Result[True]
Signal1[False] Signal2[False] = Result[False]
Signal1[True] Signal2[False] = Result[True]
Signal1[False] Signal2[True] = Result[False]
Signal1[True] Signal2[True] = Result[True]
Signal1[False] Signal2[False] = Result[False]
Signal1[True] Signal2[False] = Result[True]
Signal1[False] Signal2[True] = Result[False]
Signal1[True] Signal2[True] = Result[True]
Signal1[False] Signal2[False] = Result[False]
Signal1[True] Signal2[False] = Result[True]
Signal1[False] Signal2[True] = Result[False]
Signal1[True] Signal2[True] = Result[True]
Signal1[False] Signal2[False] = Result[False]
Signal1[True] Signal2[False] = Result[True]
Signal1[False] Signal2[True] = Result[False]
Signal1[True] Signal2[True] = Result[True]
Signal1[False] Signal2[False] = Result[False]
Signal1[True] Signal2[False] = Result[True]
Signal1[False] Signal2[True] = Result[False]
Signal1[True] Signal2[True] = Result[True]
Signal1[False] Signal2[False] = Result[False]
Signal1[True] Signal2[False] = Result[True]
Signal1[False] Signal2[True] = Result[False]
Signal1[True] Signal2[True] = Result[True]
Signal1[False] Signal2[False] = Result[False]</StdOut>
      </Output>
    </UnitTestResult>
    <UnitTestResult executionId="c6d71abc-6227-42a0-a525-4fc87caa3dd0" testId="43e0fd17-8169-0bdc-a973-8b2591cf392a" testName="TestNOrGateAllConnectorsGood" computerName="RJKING-PC" duration="00:00:00.0004226" startTime="2013-08-24T22:31:44.7578597-07:00" endTime="2013-08-24T22:31:44.7598598-07:00" testType="13cdc9d9-ddb5-4fa4-a97d-d965ccfc6d4b" outcome="Passed" testListId="8c84fa94-04c1-424b-9868-57a2d4851a1d" relativeResultsDirectory="c6d71abc-6227-42a0-a525-4fc87caa3dd0">
      <Output>
        <StdOut>Signal1[False] Signal2[False] = Result[True]
Signal1[True] Signal2[False] = Result[False]
Signal1[False] Signal2[True] = Result[False]
Signal1[True] Signal2[True] = Result[False]
Signal1[False] Signal2[False] = Result[True]
Signal1[True] Signal2[False] = Result[False]
Signal1[False] Signal2[True] = Result[False]
Signal1[True] Signal2[True] = Result[False]
Signal1[False] Signal2[False] = Result[True]
Signal1[True] Signal2[False] = Result[False]
Signal1[False] Signal2[True] = Result[False]
Signal1[True] Signal2[True] = Result[False]
Signal1[False] Signal2[False] = Result[True]
Signal1[True] Signal2[False] = Result[False]
Signal1[False] Signal2[True] = Result[False]
Signal1[True] Signal2[True] = Result[False]
Signal1[False] Signal2[False] = Result[True]
Signal1[True] Signal2[False] = Result[False]
Signal1[False] Signal2[True] = Result[False]
Signal1[True] Signal2[True] = Result[False]
Signal1[False] Signal2[False] = Result[True]
Signal1[True] Signal2[False] = Result[False]
Signal1[False] Signal2[True] = Result[False]
Signal1[True] Signal2[True] = Result[False]
Signal1[False] Signal2[False] = Result[True]
Signal1[True] Signal2[False] = Result[False]
Signal1[False] Signal2[True] = Result[False]
Signal1[True] Signal2[True] = Result[False]
Signal1[False] Signal2[False] = Result[True]</StdOut>
      </Output>
    </UnitTestResult>
    <UnitTestResult executionId="5acdd8db-7d12-4956-91f0-39adf8a82594" testId="e55bcf73-0e13-e791-8984-3921f693fe26" testName="TestNOrGateNoInputA" computerName="RJKING-PC" duration="00:00:00.0003901" startTime="2013-08-24T22:31:44.7608598-07:00" endTime="2013-08-24T22:31:44.7618599-07:00" testType="13cdc9d9-ddb5-4fa4-a97d-d965ccfc6d4b" outcome="Passed" testListId="8c84fa94-04c1-424b-9868-57a2d4851a1d" relativeResultsDirectory="5acdd8db-7d12-4956-91f0-39adf8a82594">
      <Output>
        <StdOut>Signal1[False] Signal2[False] = Result[True]
Signal1[True] Signal2[False] = Result[True]
Signal1[False] Signal2[True] = Result[False]
Signal1[True] Signal2[True] = Result[False]
Signal1[False] Signal2[False] = Result[True]
Signal1[True] Signal2[False] = Result[True]
Signal1[False] Signal2[True] = Result[False]
Signal1[True] Signal2[True] = Result[False]
Signal1[False] Signal2[False] = Result[True]
Signal1[True] Signal2[False] = Result[True]
Signal1[False] Signal2[True] = Result[False]
Signal1[True] Signal2[True] = Result[False]
Signal1[False] Signal2[False] = Result[True]
Signal1[True] Signal2[False] = Result[True]
Signal1[False] Signal2[True] = Result[False]
Signal1[True] Signal2[True] = Result[False]
Signal1[False] Signal2[False] = Result[True]
Signal1[True] Signal2[False] = Result[True]
Signal1[False] Signal2[True] = Result[False]
Signal1[True] Signal2[True] = Result[False]
Signal1[False] Signal2[False] = Result[True]
Signal1[True] Signal2[False] = Result[True]
Signal1[False] Signal2[True] = Result[False]
Signal1[True] Signal2[True] = Result[False]
Signal1[False] Signal2[False] = Result[True]
Signal1[True] Signal2[False] = Result[True]
Signal1[False] Signal2[True] = Result[False]
Signal1[True] Signal2[True] = Result[False]
Signal1[False] Signal2[False] = Result[True]</StdOut>
      </Output>
    </UnitTestResult>
    <UnitTestResult executionId="643c1c6c-6d90-4244-993d-73a16b9cc140" testId="50567949-4b62-083c-8f08-50579571fc41" testName="TestNOrGateNoInputB" computerName="RJKING-PC" duration="00:00:00.0003893" startTime="2013-08-24T22:31:44.7628599-07:00" endTime="2013-08-24T22:31:44.7648601-07:00" testType="13cdc9d9-ddb5-4fa4-a97d-d965ccfc6d4b" outcome="Passed" testListId="8c84fa94-04c1-424b-9868-57a2d4851a1d" relativeResultsDirectory="643c1c6c-6d90-4244-993d-73a16b9cc140">
      <Output>
        <StdOut>Signal1[False] Signal2[False] = Result[True]
Signal1[True] Signal2[False] = Result[False]
Signal1[False] Signal2[True] = Result[True]
Signal1[True] Signal2[True] = Result[False]
Signal1[False] Signal2[False] = Result[True]
Signal1[True] Signal2[False] = Result[False]
Signal1[False] Signal2[True] = Result[True]
Signal1[True] Signal2[True] = Result[False]
Signal1[False] Signal2[False] = Result[True]
Signal1[True] Signal2[False] = Result[False]
Signal1[False] Signal2[True] = Result[True]
Signal1[True] Signal2[True] = Result[False]
Signal1[False] Signal2[False] = Result[True]
Signal1[True] Signal2[False] = Result[False]
Signal1[False] Signal2[True] = Result[True]
Signal1[True] Signal2[True] = Result[False]
Signal1[False] Signal2[False] = Result[True]
Signal1[True] Signal2[False] = Result[False]
Signal1[False] Signal2[True] = Result[True]
Signal1[True] Signal2[True] = Result[False]
Signal1[False] Signal2[False] = Result[True]
Signal1[True] Signal2[False] = Result[False]
Signal1[False] Signal2[True] = Result[True]
Signal1[True] Signal2[True] = Result[False]
Signal1[False] Signal2[False] = Result[True]
Signal1[True] Signal2[False] = Result[False]
Signal1[False] Signal2[True] = Result[True]
Signal1[True] Signal2[True] = Result[False]
Signal1[False] Signal2[False] = Result[True]</StdOut>
      </Output>
    </UnitTestResult>
    <UnitTestResult executionId="0cdb8ddf-70af-46c4-8966-55447fb6bd26" testId="17349c0c-2b4f-df80-a53d-d3826f5da30f" testName="TestAndGateNoInputB" computerName="RJKING-PC" duration="00:00:00.0004366" startTime="2013-08-24T22:31:44.7658601-07:00" endTime="2013-08-24T22:31:44.7678602-07:00" testType="13cdc9d9-ddb5-4fa4-a97d-d965ccfc6d4b" outcome="Passed" testListId="8c84fa94-04c1-424b-9868-57a2d4851a1d" relativeResultsDirectory="0cdb8ddf-70af-46c4-8966-55447fb6bd26">
      <Output>
        <StdOut>Signal1[False] Signal2[False] = Result[False]
Signal1[True] Signal2[False] = Result[False]
Signal1[False] Signal2[True] = Result[False]
Signal1[True] Signal2[True] = Result[False]
Signal1[False] Signal2[False] = Result[False]
Signal1[True] Signal2[False] = Result[False]
Signal1[False] Signal2[True] = Result[False]
Signal1[True] Signal2[True] = Result[False]
Signal1[False] Signal2[False] = Result[False]
Signal1[True] Signal2[False] = Result[False]
Signal1[False] Signal2[True] = Result[False]
Signal1[True] Signal2[True] = Result[False]
Signal1[False] Signal2[False] = Result[False]
Signal1[True] Signal2[False] = Result[False]
Signal1[False] Signal2[True] = Result[False]
Signal1[True] Signal2[True] = Result[False]
Signal1[False] Signal2[False] = Result[False]
Signal1[True] Signal2[False] = Result[False]
Signal1[False] Signal2[True] = Result[False]
Signal1[True] Signal2[True] = Result[False]
Signal1[False] Signal2[False] = Result[False]
Signal1[True] Signal2[False] = Result[False]
Signal1[False] Signal2[True] = Result[False]
Signal1[True] Signal2[True] = Result[False]
Signal1[False] Signal2[False] = Result[False]
Signal1[True] Signal2[False] = Result[False]
Signal1[False] Signal2[True] = Result[False]
Signal1[True] Signal2[True] = Result[False]
Signal1[False] Signal2[False] = Result[False]</StdOut>
      </Output>
    </UnitTestResult>
    <UnitTestResult executionId="9952f6dd-65f3-47d3-a7ff-c78df08ec72f" testId="30f181cb-bf1a-83b3-42e9-09f4661caf82" testName="TestOrGateNoInputA" computerName="RJKING-PC" duration="00:00:00.0003992" startTime="2013-08-24T22:31:44.7688603-07:00" endTime="2013-08-24T22:31:44.7708604-07:00" testType="13cdc9d9-ddb5-4fa4-a97d-d965ccfc6d4b" outcome="Passed" testListId="8c84fa94-04c1-424b-9868-57a2d4851a1d" relativeResultsDirectory="9952f6dd-65f3-47d3-a7ff-c78df08ec72f">
      <Output>
        <StdOut>Signal1[False] Signal2[False] = Result[False]
Signal1[True] Signal2[False] = Result[False]
Signal1[False] Signal2[True] = Result[True]
Signal1[True] Signal2[True] = Result[True]
Signal1[False] Signal2[False] = Result[False]
Signal1[True] Signal2[False] = Result[False]
Signal1[False] Signal2[True] = Result[True]
Signal1[True] Signal2[True] = Result[True]
Signal1[False] Signal2[False] = Result[False]
Signal1[True] Signal2[False] = Result[False]
Signal1[False] Signal2[True] = Result[True]
Signal1[True] Signal2[True] = Result[True]
Signal1[False] Signal2[False] = Result[False]
Signal1[True] Signal2[False] = Result[False]
Signal1[False] Signal2[True] = Result[True]
Signal1[True] Signal2[True] = Result[True]
Signal1[False] Signal2[False] = Result[False]
Signal1[True] Signal2[False] = Result[False]
Signal1[False] Signal2[True] = Result[True]
Signal1[True] Signal2[True] = Result[True]
Signal1[False] Signal2[False] = Result[False]
Signal1[True] Signal2[False] = Result[False]
Signal1[False] Signal2[True] = Result[True]
Signal1[True] Signal2[True] = Result[True]
Signal1[False] Signal2[False] = Result[False]
Signal1[True] Signal2[False] = Result[False]
Signal1[False] Signal2[True] = Result[True]
Signal1[True] Signal2[True] = Result[True]
Signal1[False] Signal2[False] = Result[False]</StdOut>
      </Output>
    </UnitTestResult>
    <UnitTestResult executionId="e58dec3c-33fe-4090-9293-0bb8cfecf1d5" testId="84f6f2e2-a62a-db86-a3c2-dfa45c2eedc6" testName="TestNotGateNoOutput" computerName="RJKING-PC" duration="00:00:00.0002481" startTime="2013-08-24T22:31:44.7718605-07:00" endTime="2013-08-24T22:31:44.7738606-07:00" testType="13cdc9d9-ddb5-4fa4-a97d-d965ccfc6d4b" outcome="Passed" testListId="8c84fa94-04c1-424b-9868-57a2d4851a1d" relativeResultsDirectory="e58dec3c-33fe-4090-9293-0bb8cfecf1d5">
    </UnitTestResult>
  </Results>
</TestRun>