
 Start         Length Name               Class

  0001:0000    423FH  _TEXT              CODE
  0002:0000    002AH  CALLER_TEXT        CODE
  0003:0000    36D0H  _TEXTB             CODE
  0004:0000    2B63H  _TEXTA             CODE
  0005:0000    0C35H  _TEXTC             CODE
  0006:0000    0000H  _FARDATA           FAR_DATA
  0006:0000    0000H  _FARBSS            FAR_BSS
  0006:0000    0024H  NULL               BEGDATA
  0006:0030    0C5AH  _DATA              DATA
  0006:0C8A    0004H  _FPSEG             DATA
  0006:0C8E    0000H  _CVTSEG            DATA
  0006:0C8E    0000H  _SCNSEG            DATA
  0006:0C8E    0000H  _CONST             CONST
  0006:0C8E    0036H  _INIT_             INITDATA
  0006:0CC4    0000H  _INITEND_          INITDATA
  0006:0CC4    0018H  _EXIT_             EXITDATA
  0006:0CDC    0000H  _EXITEND_          EXITDATA
  0006:0CDC    0232H  _BSS               BSS
  0006:0F0E    0000H  _BSSEND            BSSEND


Detailed map of segments

 0001:0000 017A C=CODE   S=_TEXT          G=(none)  M=c0w.asm    ACBP=48
 0001:017A 0026 C=CODE   S=_TEXT          G=(none)  M=fmemcpy    ACBP=48
 0001:01A0 004C C=CODE   S=_TEXT          G=(none)  M=fmemset    ACBP=48
 0001:01EC 004E C=CODE   S=_TEXT          G=(none)  M=strrchr    ACBP=48
 0001:023A 002A C=CODE   S=_TEXT          G=(none)  M=memcmp     ACBP=48
 0001:0264 0026 C=CODE   S=_TEXT          G=(none)  M=memcpy     ACBP=48
 0001:028A 004C C=CODE   S=_TEXT          G=(none)  M=memset     ACBP=48
 0001:02D6 0080 C=CODE   S=_TEXT          G=(none)  M=movmem     ACBP=48
 0001:0356 0032 C=CODE   S=_TEXT          G=(none)  M=strcmp     ACBP=48
 0001:0388 002B C=CODE   S=_TEXT          G=(none)  M=strcpy     ACBP=48
 0001:03B4 0023 C=CODE   S=_TEXT          G=(none)  M=strlen     ACBP=48
 0001:03D8 0F09 C=CODE   S=_TEXT          G=(none)  M=easywin    ACBP=48
 0001:12E2 0030 C=CODE   S=_TEXT          G=(none)  M=ewinproc   ACBP=48
 0001:1312 0202 C=CODE   S=_TEXT          G=(none)  M=xalloc     ACBP=48
 0001:1514 03AD C=CODE   S=_TEXT          G=(none)  M=xmsg       ACBP=48
 0001:18C2 0463 C=CODE   S=_TEXT          G=(none)  M=ehinst     ACBP=48
 0001:1D26 0000 C=CODE   S=_TEXT          G=(none)  M=files      ACBP=48
 0001:1D26 0000 C=CODE   S=_TEXT          G=(none)  M=files2     ACBP=48
 0001:1D26 009E C=CODE   S=_TEXT          G=(none)  M=setupio    ACBP=48
 0001:1DC4 0052 C=CODE   S=_TEXT          G=(none)  M=ioerror    ACBP=48
 0001:1E16 0017 C=CODE   S=_TEXT          G=(none)  M=isatty     ACBP=48
 0001:1E2E 002F C=CODE   S=_TEXT          G=(none)  M=lseek      ACBP=48
 0001:1E5E 0078 C=CODE   S=_TEXT          G=(none)  M=reada      ACBP=48
 0001:1ED6 0003 C=CODE   S=_TEXT          G=(none)  M=readu      ACBP=28
 0001:1ED9 0003 C=CODE   S=_TEXT          G=(none)  M=writeu     ACBP=28
 0001:1EDC 002C C=CODE   S=_TEXT          G=(none)  M=close      ACBP=48
 0001:1F08 00D1 C=CODE   S=_TEXT          G=(none)  M=fflush     ACBP=48
 0001:1FDA 004D C=CODE   S=_TEXT          G=(none)  M=flushall   ACBP=48
 0001:2028 0083 C=CODE   S=_TEXT          G=(none)  M=flushout   ACBP=48
 0001:20AC 0056 C=CODE   S=_TEXT          G=(none)  M=fputs      ACBP=48
 0001:2102 01E8 C=CODE   S=_TEXT          G=(none)  M=fseek      ACBP=48
 0001:22EA 008A C=CODE   S=_TEXT          G=(none)  M=perror     ACBP=48
 0001:2374 03CA C=CODE   S=_TEXT          G=(none)  M=putc       ACBP=48
 0001:273E 0122 C=CODE   S=_TEXT          G=(none)  M=setvbuf    ACBP=48
 0001:2860 0162 C=CODE   S=_TEXT          G=(none)  M=write      ACBP=48
 0001:29C2 0040 C=CODE   S=_TEXT          G=(none)  M=xfflush    ACBP=48
 0001:2A02 0037 C=CODE   S=_TEXT          G=(none)  M=closea     ACBP=48
 0001:2A3A 00CD C=CODE   S=_TEXT          G=(none)  M=read       ACBP=48
 0001:2B08 0088 C=CODE   S=_TEXT          G=(none)  M=writea     ACBP=48
 0001:2B90 0000 C=CODE   S=_TEXT          G=(none)  M=wcfncptr   ACBP=48
 0001:2B90 0000 C=CODE   S=_TEXT          G=(none)  M=ctype      ACBP=48
 0001:2B90 0017 C=CODE   S=_TEXT          G=(none)  M=f_lxmul    ACBP=28
 0001:2BA7 00AE C=CODE   S=_TEXT          G=(none)  M=h_ldiv     ACBP=28
 0001:2C55 0021 C=CODE   S=_TEXT          G=(none)  M=h_llsh     ACBP=28
 0001:2C76 0017 C=CODE   S=_TEXT          G=(none)  M=n_lxmul    ACBP=28
 0001:2C8E 0019 C=CODE   S=_TEXT          G=(none)  M=del        ACBP=48
 0001:2CA8 0019 C=CODE   S=_TEXT          G=(none)  M=delarray   ACBP=48
 0001:2CC2 02EB C=CODE   S=_TEXT          G=(none)  M=new        ACBP=48
 0001:2FAE 0014 C=CODE   S=_TEXT          G=(none)  M=newarray   ACBP=48
 0001:2FC2 007C C=CODE   S=_TEXT          G=(none)  M=heap       ACBP=48
 0001:303E 000A C=CODE   S=_TEXT          G=(none)  M=suballoc   ACBP=48
 0001:3048 0335 C=CODE   S=_TEXT          G=(none)  M=asmmem     ACBP=28
 0001:337D 0065 C=CODE   S=_TEXT          G=(none)  M=winmem     ACBP=28
 0001:33E2 01ED C=CODE   S=_TEXT          G=(none)  M=fheap      ACBP=48
 0001:35D0 0019 C=CODE   S=_TEXT          G=(none)  M=errormsg   ACBP=48
 0001:35EA 0024 C=CODE   S=_TEXT          G=(none)  M=movedata   ACBP=48
 0001:360E 0012 C=CODE   S=_TEXT          G=(none)  M=abort      ACBP=48
 0001:3620 0032 C=CODE   S=_TEXT          G=(none)  M=atexit     ACBP=48
 0001:3652 00C7 C=CODE   S=_TEXT          G=(none)  M=exit       ACBP=48
 0001:371A 0018 C=CODE   S=_TEXT          G=(none)  M=_abort     ACBP=48
 0001:3732 00C6 C=CODE   S=_TEXT          G=(none)  M=errexit    ACBP=48
 0001:37F8 02F4 C=CODE   S=_TEXT          G=(none)  M=setargv    ACBP=48
 0001:3AEC 003B C=CODE   S=_TEXT          G=(none)  M=setargv0   ACBP=48
 0001:3B28 004E C=CODE   S=_TEXT          G=(none)  M=setenv     ACBP=48
 0001:3B76 00BA C=CODE   S=_TEXT          G=(none)  M=setenvrn   ACBP=48
 0001:3C30 0262 C=CODE   S=_TEXT          G=(none)  M=signal     ACBP=48
 0001:3E92 0023 C=CODE   S=_TEXT          G=(none)  M=winmain    ACBP=48
 0001:3EB6 0062 C=CODE   S=_TEXT          G=(none)  M=ctor2      ACBP=48
 0001:3F18 00D3 C=CODE   S=_TEXT          G=(none)  M=ctor3      ACBP=48
 0001:3FEC 0253 C=CODE   S=_TEXT          G=(none)  M=strings    ACBP=48
 0002:0000 002A C=CODE   S=CALLER_TEXT    G=(none)  M=CALLER.CPP ACBP=48
 0003:0000 0351 C=CODE   S=_TEXTB         G=(none)  M=xxv        ACBP=48
 0003:0352 32D0 C=CODE   S=_TEXTB         G=(none)  M=xx         ACBP=48
 0003:3622 00AE C=CODE   S=_TEXTB         G=(none)  M=xxas       ACBP=48
 0004:0000 07E7 C=CODE   S=_TEXTA         G=(none)  M=ioststd    ACBP=48
 0004:07E8 00AB C=CODE   S=_TEXTA         G=(none)  M=fsbclose   ACBP=48
 0004:0894 0164 C=CODE   S=_TEXTA         G=(none)  M=fsbctr2    ACBP=48
 0004:09F8 00F8 C=CODE   S=_TEXTA         G=(none)  M=fsbdtr     ACBP=48
 0004:0AF0 014C C=CODE   S=_TEXTA         G=(none)  M=fsboflow   ACBP=48
 0004:0C3C 00BE C=CODE   S=_TEXTA         G=(none)  M=fsbsbuf    ACBP=48
 0004:0CFA 008A C=CODE   S=_TEXTA         G=(none)  M=fsbskoff   ACBP=48
 0004:0D84 019D C=CODE   S=_TEXTA         G=(none)  M=fsbsync    ACBP=48
 0004:0F22 01BB C=CODE   S=_TEXTA         G=(none)  M=fsbuflow   ACBP=48
 0004:10DE 0026 C=CODE   S=_TEXTA         G=(none)  M=istasn2    ACBP=48
 0004:1104 00FF C=CODE   S=_TEXTA         G=(none)  M=istctr1    ACBP=48
 0004:1204 015C C=CODE   S=_TEXTA         G=(none)  M=istctr4    ACBP=48
 0004:1360 0104 C=CODE   S=_TEXTA         G=(none)  M=istdipfx   ACBP=48
 0004:1464 00E8 C=CODE   S=_TEXTA         G=(none)  M=istdtr1    ACBP=48
 0004:154C 014E C=CODE   S=_TEXTA         G=(none)  M=istdtr2    ACBP=48
 0004:169A 00EA C=CODE   S=_TEXTA         G=(none)  M=isteatwh   ACBP=48
 0004:1784 003D C=CODE   S=_TEXTA         G=(none)  M=isteint    ACBP=48
 0004:17C2 05A5 C=CODE   S=_TEXTA         G=(none)  M=istelng    ACBP=48
 0004:1D68 0026 C=CODE   S=_TEXTA         G=(none)  M=ostasn2    ACBP=48
 0004:1D8E 00F6 C=CODE   S=_TEXTA         G=(none)  M=ostctr1    ACBP=48
 0004:1E84 015C C=CODE   S=_TEXTA         G=(none)  M=ostctr3    ACBP=48
 0004:1FE0 0100 C=CODE   S=_TEXTA         G=(none)  M=ostdtr1    ACBP=48
 0004:20E0 014E C=CODE   S=_TEXTA         G=(none)  M=ostdtr2    ACBP=48
 0004:222E 004B C=CODE   S=_TEXTA         G=(none)  M=ostflush   ACBP=48
 0004:227A 004C C=CODE   S=_TEXTA         G=(none)  M=stbalc     ACBP=48
 0004:22C6 00ED C=CODE   S=_TEXTA         G=(none)  M=stbctr1    ACBP=48
 0004:23B4 0033 C=CODE   S=_TEXTA         G=(none)  M=stbdnext   ACBP=48
 0004:23E8 00B9 C=CODE   S=_TEXTA         G=(none)  M=stbdsgtn   ACBP=48
 0004:24A2 00A8 C=CODE   S=_TEXTA         G=(none)  M=stbdsptn   ACBP=48
 0004:254A 0094 C=CODE   S=_TEXTA         G=(none)  M=stbdtr     ACBP=48
 0004:25DE 0008 C=CODE   S=_TEXTA         G=(none)  M=stboflow   ACBP=48
 0004:25E6 0008 C=CODE   S=_TEXTA         G=(none)  M=stbpbfl    ACBP=48
 0004:25EE 0031 C=CODE   S=_TEXTA         G=(none)  M=stbsbuf    ACBP=48
 0004:2620 00B3 C=CODE   S=_TEXTA         G=(none)  M=stbsetb    ACBP=48
 0004:26D4 006D C=CODE   S=_TEXTA         G=(none)  M=stbsetg    ACBP=48
 0004:2742 0052 C=CODE   S=_TEXTA         G=(none)  M=stbsetp    ACBP=48
 0004:2794 000B C=CODE   S=_TEXTA         G=(none)  M=stbskoff   ACBP=48
 0004:27A0 0028 C=CODE   S=_TEXTA         G=(none)  M=stbskpos   ACBP=48
 0004:27C8 0052 C=CODE   S=_TEXTA         G=(none)  M=stbsync    ACBP=48
 0004:281A 0039 C=CODE   S=_TEXTA         G=(none)  M=stbuflow   ACBP=48
 0004:2854 0040 C=CODE   S=_TEXTA         G=(none)  M=stclear    ACBP=48
 0004:2894 0087 C=CODE   S=_TEXTA         G=(none)  M=stctr1     ACBP=48
 0004:291C 0091 C=CODE   S=_TEXTA         G=(none)  M=stdtr      ACBP=48
 0004:29AE 005C C=CODE   S=_TEXTA         G=(none)  M=stinit     ACBP=48
 0004:2A0A 00C3 C=CODE   S=_TEXTA         G=(none)  M=stsetf1    ACBP=48
 0004:2ACE 002C C=CODE   S=_TEXTA         G=(none)  M=stsetst    ACBP=48
 0004:2AFA 0069 C=CODE   S=_TEXTA         G=(none)  M=sttie      ACBP=48
 0005:0000 00E7 C=CODE   S=_TEXTC         G=(none)  M=ctor2      ACBP=48
 0005:00E8 021B C=CODE   S=_TEXTC         G=(none)  M=ctor3      ACBP=48
 0005:0304 0931 C=CODE   S=_TEXTC         G=(none)  M=strings    ACBP=48
 0006:0000 0000 C=FAR_DATA S=_FARDATA       G=DGROUP  M=c0w.asm    ACBP=68
 0006:0000 0000 C=FAR_BSS S=_FARBSS        G=DGROUP  M=c0w.asm    ACBP=68
 0006:0000 0024 C=BEGDATA S=NULL           G=DGROUP  M=c0w.asm    ACBP=68
 0006:0030 0046 C=DATA   S=_DATA          G=DGROUP  M=c0w.asm    ACBP=68
 0006:0076 0000 C=DATA   S=_DATA          G=DGROUP  M=CALLER.CPP ACBP=48
 0006:0076 0000 C=DATA   S=_DATA          G=DGROUP  M=fmemcpy    ACBP=48
 0006:0076 0000 C=DATA   S=_DATA          G=DGROUP  M=fmemset    ACBP=48
 0006:0076 0000 C=DATA   S=_DATA          G=DGROUP  M=strrchr    ACBP=48
 0006:0076 0000 C=DATA   S=_DATA          G=DGROUP  M=memcmp     ACBP=48
 0006:0076 0000 C=DATA   S=_DATA          G=DGROUP  M=memcpy     ACBP=48
 0006:0076 0000 C=DATA   S=_DATA          G=DGROUP  M=memset     ACBP=48
 0006:0076 0000 C=DATA   S=_DATA          G=DGROUP  M=movmem     ACBP=48
 0006:0076 0000 C=DATA   S=_DATA          G=DGROUP  M=strcmp     ACBP=48
 0006:0076 0000 C=DATA   S=_DATA          G=DGROUP  M=strcpy     ACBP=48
 0006:0076 0000 C=DATA   S=_DATA          G=DGROUP  M=strlen     ACBP=48
 0006:0076 009A C=DATA   S=_DATA          G=DGROUP  M=easywin    ACBP=48
 0006:0110 0000 C=DATA   S=_DATA          G=DGROUP  M=ewinproc   ACBP=48
 0006:0110 0128 C=DATA   S=_DATA          G=DGROUP  M=xxv        ACBP=48
 0006:0238 0000 C=DATA   S=_DATA          G=DGROUP  M=xalloc     ACBP=48
 0006:0238 0000 C=DATA   S=_DATA          G=DGROUP  M=xmsg       ACBP=48
 0006:0238 0012 C=DATA   S=_DATA          G=DGROUP  M=xx         ACBP=48
 0006:024A 0000 C=DATA   S=_DATA          G=DGROUP  M=xxas       ACBP=48
 0006:024A 0020 C=DATA   S=_DATA          G=DGROUP  M=ehinst     ACBP=48
 0006:026A 0190 C=DATA   S=_DATA          G=DGROUP  M=files      ACBP=48
 0006:03FA 002A C=DATA   S=_DATA          G=DGROUP  M=files2     ACBP=48
 0006:0424 0000 C=DATA   S=_DATA          G=DGROUP  M=setupio    ACBP=48
 0006:0424 005B C=DATA   S=_DATA          G=DGROUP  M=ioerror    ACBP=48
 0006:0480 0000 C=DATA   S=_DATA          G=DGROUP  M=isatty     ACBP=48
 0006:0480 0000 C=DATA   S=_DATA          G=DGROUP  M=lseek      ACBP=48
 0006:0480 0000 C=DATA   S=_DATA          G=DGROUP  M=reada      ACBP=48
 0006:0480 0000 C=DATA   S=_DATA          G=DGROUP  M=readu      ACBP=48
 0006:0480 0000 C=DATA   S=_DATA          G=DGROUP  M=writeu     ACBP=48
 0006:0480 0000 C=DATA   S=_DATA          G=DGROUP  M=close      ACBP=48
 0006:0480 0000 C=DATA   S=_DATA          G=DGROUP  M=fflush     ACBP=48
 0006:0480 0000 C=DATA   S=_DATA          G=DGROUP  M=flushall   ACBP=48
 0006:0480 0000 C=DATA   S=_DATA          G=DGROUP  M=flushout   ACBP=48
 0006:0480 0000 C=DATA   S=_DATA          G=DGROUP  M=fputs      ACBP=48
 0006:0480 0000 C=DATA   S=_DATA          G=DGROUP  M=fseek      ACBP=48
 0006:0480 02D0 C=DATA   S=_DATA          G=DGROUP  M=perror     ACBP=48
 0006:0750 0001 C=DATA   S=_DATA          G=DGROUP  M=putc       ACBP=48
 0006:0752 0004 C=DATA   S=_DATA          G=DGROUP  M=setvbuf    ACBP=48
 0006:0756 0000 C=DATA   S=_DATA          G=DGROUP  M=write      ACBP=48
 0006:0756 0000 C=DATA   S=_DATA          G=DGROUP  M=xfflush    ACBP=48
 0006:0756 0000 C=DATA   S=_DATA          G=DGROUP  M=closea     ACBP=48
 0006:0756 0000 C=DATA   S=_DATA          G=DGROUP  M=read       ACBP=48
 0006:0756 0000 C=DATA   S=_DATA          G=DGROUP  M=writea     ACBP=48
 0006:0756 0008 C=DATA   S=_DATA          G=DGROUP  M=wcfncptr   ACBP=48
 0006:075E 0000 C=DATA   S=_DATA          G=DGROUP  M=ioststd    ACBP=48
 0006:075E 0000 C=DATA   S=_DATA          G=DGROUP  M=fsbclose   ACBP=48
 0006:075E 0034 C=DATA   S=_DATA          G=DGROUP  M=fsbctr2    ACBP=48
 0006:0792 0036 C=DATA   S=_DATA          G=DGROUP  M=fsbdtr     ACBP=48
 0006:07C8 0000 C=DATA   S=_DATA          G=DGROUP  M=fsboflow   ACBP=48
 0006:07C8 0000 C=DATA   S=_DATA          G=DGROUP  M=fsbsbuf    ACBP=48
 0006:07C8 0000 C=DATA   S=_DATA          G=DGROUP  M=fsbskoff   ACBP=48
 0006:07C8 0000 C=DATA   S=_DATA          G=DGROUP  M=fsbsync    ACBP=48
 0006:07C8 0000 C=DATA   S=_DATA          G=DGROUP  M=fsbuflow   ACBP=48
 0006:07C8 0000 C=DATA   S=_DATA          G=DGROUP  M=istasn2    ACBP=48
 0006:07C8 0014 C=DATA   S=_DATA          G=DGROUP  M=istctr1    ACBP=48
 0006:07DC 0014 C=DATA   S=_DATA          G=DGROUP  M=istctr4    ACBP=48
 0006:07F0 0000 C=DATA   S=_DATA          G=DGROUP  M=istdipfx   ACBP=48
 0006:07F0 0014 C=DATA   S=_DATA          G=DGROUP  M=istdtr1    ACBP=48
 0006:0804 0014 C=DATA   S=_DATA          G=DGROUP  M=istdtr2    ACBP=48
 0006:0818 0000 C=DATA   S=_DATA          G=DGROUP  M=isteatwh   ACBP=48
 0006:0818 0000 C=DATA   S=_DATA          G=DGROUP  M=isteint    ACBP=48
 0006:0818 0000 C=DATA   S=_DATA          G=DGROUP  M=istelng    ACBP=48
 0006:0818 0000 C=DATA   S=_DATA          G=DGROUP  M=ostasn2    ACBP=48
 0006:0818 0014 C=DATA   S=_DATA          G=DGROUP  M=ostctr1    ACBP=48
 0006:082C 0014 C=DATA   S=_DATA          G=DGROUP  M=ostctr3    ACBP=48
 0006:0840 0014 C=DATA   S=_DATA          G=DGROUP  M=ostdtr1    ACBP=48
 0006:0854 0014 C=DATA   S=_DATA          G=DGROUP  M=ostdtr2    ACBP=48
 0006:0868 0000 C=DATA   S=_DATA          G=DGROUP  M=ostflush   ACBP=48
 0006:0868 0000 C=DATA   S=_DATA          G=DGROUP  M=stbalc     ACBP=48
 0006:0868 0034 C=DATA   S=_DATA          G=DGROUP  M=stbctr1    ACBP=48
 0006:089C 0000 C=DATA   S=_DATA          G=DGROUP  M=stbdnext   ACBP=48
 0006:089C 0000 C=DATA   S=_DATA          G=DGROUP  M=stbdsgtn   ACBP=48
 0006:089C 0000 C=DATA   S=_DATA          G=DGROUP  M=stbdsptn   ACBP=48
 0006:089C 0034 C=DATA   S=_DATA          G=DGROUP  M=stbdtr     ACBP=48
 0006:08D0 0000 C=DATA   S=_DATA          G=DGROUP  M=stboflow   ACBP=48
 0006:08D0 0000 C=DATA   S=_DATA          G=DGROUP  M=stbpbfl    ACBP=48
 0006:08D0 0000 C=DATA   S=_DATA          G=DGROUP  M=stbsbuf    ACBP=48
 0006:08D0 0000 C=DATA   S=_DATA          G=DGROUP  M=stbsetb    ACBP=48
 0006:08D0 0000 C=DATA   S=_DATA          G=DGROUP  M=stbsetg    ACBP=48
 0006:08D0 0000 C=DATA   S=_DATA          G=DGROUP  M=stbsetp    ACBP=48
 0006:08D0 0000 C=DATA   S=_DATA          G=DGROUP  M=stbskoff   ACBP=48
 0006:08D0 0000 C=DATA   S=_DATA          G=DGROUP  M=stbskpos   ACBP=48
 0006:08D0 0000 C=DATA   S=_DATA          G=DGROUP  M=stbsync    ACBP=48
 0006:08D0 0000 C=DATA   S=_DATA          G=DGROUP  M=stbuflow   ACBP=48
 0006:08D0 0000 C=DATA   S=_DATA          G=DGROUP  M=stclear    ACBP=48
 0006:08D0 000C C=DATA   S=_DATA          G=DGROUP  M=stctr1     ACBP=48
 0006:08DC 001E C=DATA   S=_DATA          G=DGROUP  M=stdtr      ACBP=48
 0006:08FA 0000 C=DATA   S=_DATA          G=DGROUP  M=stinit     ACBP=48
 0006:08FA 0000 C=DATA   S=_DATA          G=DGROUP  M=stsetf1    ACBP=48
 0006:08FA 0000 C=DATA   S=_DATA          G=DGROUP  M=stsetst    ACBP=48
 0006:08FA 0000 C=DATA   S=_DATA          G=DGROUP  M=sttie      ACBP=48
 0006:08FA 0101 C=DATA   S=_DATA          G=DGROUP  M=ctype      ACBP=48
 0006:09FC 0000 C=DATA   S=_DATA          G=DGROUP  M=f_lxmul    ACBP=48
 0006:09FC 0000 C=DATA   S=_DATA          G=DGROUP  M=h_ldiv     ACBP=48
 0006:09FC 0000 C=DATA   S=_DATA          G=DGROUP  M=h_llsh     ACBP=48
 0006:09FC 0000 C=DATA   S=_DATA          G=DGROUP  M=n_lxmul    ACBP=48
 0006:09FC 0000 C=DATA   S=_DATA          G=DGROUP  M=del        ACBP=48
 0006:09FC 0000 C=DATA   S=_DATA          G=DGROUP  M=delarray   ACBP=48
 0006:09FC 0018 C=DATA   S=_DATA          G=DGROUP  M=new        ACBP=48
 0006:0A14 0000 C=DATA   S=_DATA          G=DGROUP  M=newarray   ACBP=48
 0006:0A14 0000 C=DATA   S=_DATA          G=DGROUP  M=heap       ACBP=48
 0006:0A14 0000 C=DATA   S=_DATA          G=DGROUP  M=suballoc   ACBP=48
 0006:0A14 0000 C=DATA   S=_DATA          G=DGROUP  M=asmmem     ACBP=48
 0006:0A14 0000 C=DATA   S=_DATA          G=DGROUP  M=winmem     ACBP=48
 0006:0A14 0000 C=DATA   S=_DATA          G=DGROUP  M=fheap      ACBP=48
 0006:0A14 0000 C=DATA   S=_DATA          G=DGROUP  M=errormsg   ACBP=48
 0006:0A14 0000 C=DATA   S=_DATA          G=DGROUP  M=movedata   ACBP=48
 0006:0A14 0000 C=DATA   S=_DATA          G=DGROUP  M=abort      ACBP=48
 0006:0A14 0002 C=DATA   S=_DATA          G=DGROUP  M=atexit     ACBP=48
 0006:0A16 000E C=DATA   S=_DATA          G=DGROUP  M=exit       ACBP=48
 0006:0A24 001F C=DATA   S=_DATA          G=DGROUP  M=_abort     ACBP=48
 0006:0A44 0000 C=DATA   S=_DATA          G=DGROUP  M=errexit    ACBP=48
 0006:0A44 0071 C=DATA   S=_DATA          G=DGROUP  M=setargv    ACBP=48
 0006:0AB6 001F C=DATA   S=_DATA          G=DGROUP  M=setargv0   ACBP=48
 0006:0AD6 0006 C=DATA   S=_DATA          G=DGROUP  M=setenv     ACBP=48
 0006:0ADC 0004 C=DATA   S=_DATA          G=DGROUP  M=setenvrn   ACBP=48
 0006:0AE0 0143 C=DATA   S=_DATA          G=DGROUP  M=signal     ACBP=48
 0006:0C24 0000 C=DATA   S=_DATA          G=DGROUP  M=winmain    ACBP=48
 0006:0C24 0000 C=DATA   S=_DATA          G=DGROUP  M=ctor2      ACBP=48
 0006:0C24 0000 C=DATA   S=_DATA          G=DGROUP  M=ctor3      ACBP=48
 0006:0C24 0066 C=DATA   S=_DATA          G=DGROUP  M=strings    ACBP=48
 0006:0C8A 0004 C=DATA   S=_FPSEG         G=DGROUP  M=c0w.asm    ACBP=48
 0006:0C8E 0000 C=DATA   S=_CVTSEG        G=DGROUP  M=c0w.asm    ACBP=48
 0006:0C8E 0000 C=DATA   S=_SCNSEG        G=DGROUP  M=c0w.asm    ACBP=48
 0006:0C8E 0000 C=CONST  S=_CONST         G=DGROUP  M=c0w.asm    ACBP=48
 0006:0C8E 0000 C=INITDATA S=_INIT_         G=DGROUP  M=c0w.asm    ACBP=48
 0006:0C8E 0006 C=INITDATA S=_INIT_         G=DGROUP  M=ewinproc   ACBP=48
 0006:0C94 0006 C=INITDATA S=_INIT_         G=DGROUP  M=setupio    ACBP=48
 0006:0C9A 000C C=INITDATA S=_INIT_         G=DGROUP  M=ioststd    ACBP=48
 0006:0CA6 0006 C=INITDATA S=_INIT_         G=DGROUP  M=new        ACBP=48
 0006:0CAC 0006 C=INITDATA S=_INIT_         G=DGROUP  M=setargv    ACBP=48
 0006:0CB2 0006 C=INITDATA S=_INIT_         G=DGROUP  M=setargv0   ACBP=48
 0006:0CB8 0006 C=INITDATA S=_INIT_         G=DGROUP  M=setenv     ACBP=48
 0006:0CBE 0006 C=INITDATA S=_INIT_         G=DGROUP  M=setenvrn   ACBP=48
 0006:0CC4 0000 C=INITDATA S=_INITEND_      G=DGROUP  M=c0w.asm    ACBP=28
 0006:0CC4 0000 C=EXITDATA S=_EXIT_         G=DGROUP  M=c0w.asm    ACBP=48
 0006:0CC4 0006 C=EXITDATA S=_EXIT_         G=DGROUP  M=ewinproc   ACBP=48
 0006:0CCA 000C C=EXITDATA S=_EXIT_         G=DGROUP  M=ioststd    ACBP=48
 0006:0CD6 0006 C=EXITDATA S=_EXIT_         G=DGROUP  M=new        ACBP=48
 0006:0CDC 0000 C=EXITDATA S=_EXITEND_      G=DGROUP  M=c0w.asm    ACBP=28
 0006:0CDC 0000 C=BSS    S=_BSS           G=DGROUP  M=c0w.asm    ACBP=48
 0006:0CDC 0000 C=BSS    S=_BSS           G=DGROUP  M=CALLER.CPP ACBP=48
 0006:0CDC 0000 C=BSS    S=_BSS           G=DGROUP  M=fmemcpy    ACBP=48
 0006:0CDC 0000 C=BSS    S=_BSS           G=DGROUP  M=fmemset    ACBP=48
 0006:0CDC 0000 C=BSS    S=_BSS           G=DGROUP  M=strrchr    ACBP=48
 0006:0CDC 0000 C=BSS    S=_BSS           G=DGROUP  M=memcmp     ACBP=48
 0006:0CDC 0000 C=BSS    S=_BSS           G=DGROUP  M=memcpy     ACBP=48
 0006:0CDC 0000 C=BSS    S=_BSS           G=DGROUP  M=memset     ACBP=48
 0006:0CDC 0000 C=BSS    S=_BSS           G=DGROUP  M=movmem     ACBP=48
 0006:0CDC 0000 C=BSS    S=_BSS           G=DGROUP  M=strcmp     ACBP=48
 0006:0CDC 0000 C=BSS    S=_BSS           G=DGROUP  M=strcpy     ACBP=48
 0006:0CDC 0000 C=BSS    S=_BSS           G=DGROUP  M=strlen     ACBP=48
 0006:0CDC 00CC C=BSS    S=_BSS           G=DGROUP  M=easywin    ACBP=48
 0006:0DA8 0000 C=BSS    S=_BSS           G=DGROUP  M=ewinproc   ACBP=48
 0006:0DA8 0004 C=BSS    S=_BSS           G=DGROUP  M=xxv        ACBP=48
 0006:0DAC 000B C=BSS    S=_BSS           G=DGROUP  M=xx         ACBP=48
 0006:0DB8 0000 C=BSS    S=_BSS           G=DGROUP  M=xxas       ACBP=48
 0006:0DB8 0004 C=BSS    S=_BSS           G=DGROUP  M=ehinst     ACBP=48
 0006:0DBC 0000 C=BSS    S=_BSS           G=DGROUP  M=setupio    ACBP=48
 0006:0DBC 0000 C=BSS    S=_BSS           G=DGROUP  M=ioerror    ACBP=48
 0006:0DBC 0000 C=BSS    S=_BSS           G=DGROUP  M=isatty     ACBP=48
 0006:0DBC 0000 C=BSS    S=_BSS           G=DGROUP  M=lseek      ACBP=48
 0006:0DBC 0000 C=BSS    S=_BSS           G=DGROUP  M=reada      ACBP=48
 0006:0DBC 0001 C=BSS    S=_BSS           G=DGROUP  M=putc       ACBP=48
 0006:0DBE 0000 C=BSS    S=_BSS           G=DGROUP  M=closea     ACBP=48
 0006:0DBE 0000 C=BSS    S=_BSS           G=DGROUP  M=read       ACBP=48
 0006:0DBE 0000 C=BSS    S=_BSS           G=DGROUP  M=writea     ACBP=48
 0006:0DBE 00BE C=BSS    S=_BSS           G=DGROUP  M=ioststd    ACBP=48
 0006:0E7C 0004 C=BSS    S=_BSS           G=DGROUP  M=stdtr      ACBP=48
 0006:0E80 0000 C=BSS    S=_BSS           G=DGROUP  M=new        ACBP=48
 0006:0E80 0006 C=BSS    S=_BSS           G=DGROUP  M=suballoc   ACBP=48
 0006:0E86 0000 C=BSS    S=_BSS           G=DGROUP  M=movedata   ACBP=48
 0006:0E86 0080 C=BSS    S=_BSS           G=DGROUP  M=atexit     ACBP=48
 0006:0F06 0008 C=BSS    S=_BSS           G=DGROUP  M=setargv    ACBP=48
 0006:0F0E 0000 C=BSS    S=_BSS           G=DGROUP  M=setargv0   ACBP=48
 0006:0F0E 0000 C=BSS    S=_BSS           G=DGROUP  M=setenv     ACBP=48
 0006:0F0E 0000 C=BSS    S=_BSS           G=DGROUP  M=setenvrn   ACBP=48
 0006:0F0E 0000 C=BSS    S=_BSS           G=DGROUP  M=winmain    ACBP=48
 0006:0F0E 0000 C=BSS    S=_BSS           G=DGROUP  M=ctor2      ACBP=48
 0006:0F0E 0000 C=BSS    S=_BSS           G=DGROUP  M=ctor3      ACBP=48
 0006:0F0E 0000 C=BSS    S=_BSS           G=DGROUP  M=strings    ACBP=48
 0006:0F0E 0000 C=BSSEND S=_BSSEND        G=DGROUP  M=c0w.asm    ACBP=28

  Address         Publics by Name

 0001:2C8E       @$bdele$qnv
 0001:2CA8       @$bdla$qnv
 0001:2D73       @$bnew$qui
 0001:2FAE       @$bnwa$qui
 0004:0894       @filebuf@$bctr$qi
 0004:09F8       @filebuf@$bdtr$qv
 0004:07E8       @filebuf@close$qv
 0006:0792 idle  @filebuf@openprot
 0004:0AF0       @filebuf@overflow$qi
 0004:0CFA       @filebuf@seekoff$ql12ios@seek_diri
 0004:0C3C       @filebuf@setbuf$qnci
 0004:0D84       @filebuf@sync$qv
 0004:0F22       @filebuf@underflow$qv
 0004:2894       @ios@$bctr$qv
 0004:291C       @ios@$bdtr$qv
 0006:08E0       @ios@adjustfield
 0006:08DC       @ios@basefield
 0004:2854       @ios@clear$qi
 0006:08E4       @ios@floatfield
 0004:29AE       @ios@init$qn9streambuf
 0006:08E8 idle  @ios@nextbit
 0004:2A0A       @ios@setf$ql
 0004:2ACE       @ios@setstate$qi
 0006:0E7C idle  @ios@stdioflush
 0004:2AFA       @ios@tie$qn7ostream
 0006:08EC idle  @ios@usercount
 0004:03C1 idle  @Iostream_delete$qv
 0004:1104       @istream@$bctr$qv
 0004:1464       @istream@$bdtr$qv
 0004:1784       @istream@$brsh$qmi
 0004:1AF0       @istream@$brsh$qml
 0004:169A       @istream@eatwhite$qv
 0004:1360       @istream@ipfx$qi
 0004:10DE       @istream_withassign@$basg$qn9streambuf
 0004:1204       @istream_withassign@$bctr$qv
 0004:154C       @istream_withassign@$bdtr$qv
 0004:1D8E       @ostream@$bctr$qv
 0004:1FE0       @ostream@$bdtr$qv
 0004:222E       @ostream@flush$qv
 0004:1D68       @ostream_withassign@$basg$qn9streambuf
 0004:1E84       @ostream_withassign@$bctr$qv
 0004:20E0       @ostream_withassign@$bdtr$qv
 0001:2D45 idle  @set_new_handler$qnqv$v
 0003:000A idle  @set_terminate$qnqv$v
 0003:014C idle  @set_unexpected$qnqv$v
 0004:22C6       @streambuf@$bctr$qv
 0004:254A       @streambuf@$bdtr$qv
 0004:227A       @streambuf@doallocate$qv
 0004:23E8       @streambuf@do_sgetn$qnci
 0004:23B4       @streambuf@do_snextc$qv
 0004:24A2       @streambuf@do_sputn$qnxci
 0004:25DE       @streambuf@overflow$qi
 0004:25E6       @streambuf@pbackfail$qi
 0004:2794       @streambuf@seekoff$ql12ios@seek_diri
 0004:27A0       @streambuf@seekpos$qli
 0004:2620       @streambuf@setb$qnct1i
 0004:25EE       @streambuf@setbuf$qnci
 0004:26D4       @streambuf@setg$qnct1t1
 0004:2742       @streambuf@setp$qnct1
 0004:27C8       @streambuf@sync$qv
 0004:281A       @streambuf@underflow$qv
 0005:0000       @string@$bctr$qmx6string
 0005:00E8       @string@$bctr$qnxc
 0005:0304       @string@$bdtr$qv
 0005:0389 idle  @string@assert_element$xqui
 0005:0441 idle  @string@assert_index$xqui
 0006:0C24 idle  @string@case_sensitive
 0006:0C2E idle  @string@freeboard
 0006:0C2A idle  @string@initial_capac
 0005:0A81 idle  @string@initial_capacity$qui
 0005:0AC8 idle  @string@max_waste$qui
 0006:0C26 idle  @string@paranoid_check
 0006:0C2C idle  @string@resize_inc
 0005:0A9E idle  @string@resize_increment$qui
 0005:0A2A idle  @string@set_case_sensitive$qi
 0005:0A47 idle  @string@set_paranoid_check$qi
 0006:0C28 idle  @string@skip_white
 0005:0A64 idle  @string@skip_whitespace$qi
 0003:0000       @terminate$qv
 0005:05AE       @TStringRef@$bctr$qnxcuit1uiui
 0005:0694       @TStringRef@$bdtr$qv
 0005:0764 idle  @TStringRef@check_freeboard$qv
 0005:07CC idle  @TStringRef@grow_to$qui
 0005:06F6 idle  @TStringRef@reserve$qui
 0005:082E idle  @TStringRef@round_capacity$qui
 0005:086D idle  @TStringRef@splice$quiuinxcui
 0005:04F9 idle  @TSubString@assert_element$xqui
 0003:3056 idle  @typeinfo@0$basg$qmx8typeinfo
 0003:2FEE idle  @typeinfo@0$bctr$qmx8typeinfo
 0003:3067 idle  @typeinfo@0$bdtr$qv
 0003:309E idle  @typeinfo@0$beql$xqmx8typeinfo
 0003:30C6 idle  @typeinfo@0$bneq$xqmx8typeinfo
 0003:30E9 idle  @typeinfo@0before$xqmx8typeinfo
 0003:3161 idle  @typeinfo@0name$xqv
 0003:0143       @unexpected$qv
 0001:1312       @xalloc@$bctr$qmx6stringui
 0001:1391       @xalloc@raise$qv
 0001:1787 idle  @xmsg@$basg$qmx4xmsg
 0001:15FF       @xmsg@$bctr$qmx4xmsg
 0001:1538       @xmsg@$bctr$qmx6string
 0001:16A6       @xmsg@$bdtr$qv
 0001:1713 idle  @xmsg@raise$qv
 0001:2CDE idle  @xnew_handler$qv
 0003:1A58       @_CatchCleanup$qv
 0001:1062       @_EASYWINPROC$QUIUIUIL
 0003:12D9 idle  @_ReThrowException$quinuc
 0003:1281       @_ThrowException$qnvt1t1t1uiuiuinuc
 0001:126A       @__CreateEasyWin$qv
 0003:343F idle  @__DynamicCast$qnvt1t1t1i
 0001:18DF       @__EH_AllocTable$qv
 0001:1BD6       @__EH_GetClientData$qui
 0001:1CD1       @__EH_InitStaticData$qv
 0001:11E6       @__ExitEasyWin$qv
 0003:022B       @__GetPolymorphicDTC$qnvui
 0003:027F idle  @__GetPolymorphicDTCfar$qnvui
 0003:317E idle  @__GetTypeInfo$qnvt1t1t1
 0001:1175       @__InitEasyWin$qv
 0003:3622       @__RefDestructorCount$qv
 0003:3635 idle  @__RefExceptionList$qv
 0003:2FCF idle  @__ThrowExceptionName$qv
 0003:2F95 idle  @__ThrowFileName$qv
 0003:2FB4 idle  @__ThrowLineNumber$qv
 0000:0000 idle  BEGINPAINT
 0000:0000 idle  CREATECARET
 0000:0000 idle  CREATEWINDOW
 0000:0000 idle  DEFWINDOWPROC
 0000:0000 idle  DESTROYCARET
 0000:0000 idle  DESTROYWINDOW
 0000:0000 idle  DISPATCHMESSAGE
 0000:0000 idle  ENABLEMENUITEM
 0000:0000 idle  ENDPAINT
 0000:0000 idle  ENUMTASKWINDOWS
 0000:0000 idle  FATALEXIT
 0001:2BAA idle  F_LDIV@
 0001:2BB9 idle  F_LMOD@
 0001:2BB1       F_LUDIV@
 0001:2BC1 idle  F_LUMOD@
 0001:2C58       F_LXLSH@
 0001:2B90       F_LXMUL@
 0000:0000 idle  GETCURRENTTASK
 0000:0000 idle  GETDC
 0000:0000 idle  GETDOSENVIRONMENT
 0000:0000 idle  GETKEYSTATE
 0000:0000 idle  GETMESSAGE
 0000:0000 idle  GETMODULEFILENAME
 0000:0000 idle  GETMODULEUSAGE
 0000:0000 idle  GETSTOCKOBJECT
 0000:0000 idle  GETSYSTEMMENU
 0000:0000 idle  GETSYSTEMMETRICS
 0000:0000 idle  GETTEXTMETRICS
 0000:0000 idle  GETWINFLAGS
 0000:0000 idle  GLOBALALLOC
 0000:0000 idle  GLOBALFREE
 0000:0000 idle  GLOBALHANDLE
 0000:0000 idle  GLOBALLOCK
 0000:0000 idle  GLOBALREALLOC
 0000:0000 idle  GLOBALSIZE
 0000:0000 idle  GLOBALUNLOCK
 0000:0000 idle  INITAPP
 0000:0000 idle  INITTASK
 0000:0000 idle  INVALIDATERECT
 0001:2BAA idle  LDIV@
 0001:2BB9 idle  LMOD@
 0000:0000 idle  LOADCURSOR
 0000:0000 idle  LOADICON
 0000:0000 idle  LOCKSEGMENT
 0001:2BB1 idle  LUDIV@
 0001:2BC1 idle  LUMOD@
 0001:2C58 idle  LXLSH@
 0001:2B90 idle  LXMUL@
 0000:0000 idle  MESSAGEBEEP
 0000:0000 idle  MESSAGEBOX
 0001:2BA7 idle  N_LDIV@
 0001:2BB6 idle  N_LMOD@
 0001:2BAE idle  N_LUDIV@
 0001:2BBE idle  N_LUMOD@
 0001:2C55 idle  N_LXLSH@
 0001:2C76       N_LXMUL@
 0000:0000 idle  OEMTOANSI
 0000:0000 idle  PEEKMESSAGE
 0000:0000 idle  POSTQUITMESSAGE
 0000:0000 idle  REGISTERCLASS
 0000:0000 idle  RELEASEDC
 0000:0000 idle  SCROLLWINDOW
 0000:0000 idle  SELECTOBJECT
 0000:0000 idle  SETCARETPOS
 0000:0000 idle  SETSCROLLPOS
 0000:0000 idle  SETSCROLLRANGE
 0000:0000 idle  SETWINDOWTEXT
 0000:0000 idle  SHOWCARET
 0000:0000 idle  SHOWWINDOW
 0000:0000 idle  TEXTOUT
 0000:0000 idle  TIMES2
 0000:0000 idle  TRANSLATEMESSAGE
 0000:0000 idle  UNLOCKSEGMENT
 0000:0000 idle  UPDATEWINDOW
 0000:0000 idle  WAITEVENT
 0001:3E92       WINMAIN
 0001:360E       _abort
 0001:3620 idle  _atexit
 0001:3000       _calloc
 0006:0E18 idle  _cerr
 0006:0DBE       _cin
 0006:0E44 idle  _clog
 0001:1EDC       _close
 0001:0B34 idle  _clreol
 0001:0ADC idle  _clrscr
 0006:0DEC idle  _cout
 0006:0030       _errno
 0001:36D3       _exit
 0001:1F08       _fflush
 0001:1FDA       _flushall
 0001:2396 idle  _fputc
 0001:251E idle  _fputchar
 0001:20AC       _fputs
 0001:3021       _free
 0001:2189       _fseek
 0001:220E idle  _ftell
 0001:0AAE idle  _gotoxy
 0001:1E16       _isatty
 0001:1E2E       _lseek
 0002:0000       _main
 0001:2FC2       _malloc
 0001:023A       _memcmp
 0001:0264       _memcpy
 0001:032F       _memmove
 0001:02B2       _memset
 0001:35EA       _movedata
 0001:02D6 idle  _movmem
 0001:22EA idle  _perror
 0001:3DB7       _raise
 0003:1497 idle  _RaiseException
 0001:1ED6       _read
 0001:2FDE       _realloc
 0001:028A idle  _setmem
 0001:273E       _setvbuf
 0001:3C57 idle  _signal
 0001:0356       _strcmp
 0001:0388       _strcpy
 0001:03B4       _strlen
 0001:01EC       _strrchr
 0006:0E80 idle  _SubAllocClientData
 0001:0ACA idle  _wherex
 0001:0AD3 idle  _wherey
 0001:1ED9       _write
 0000:0000 idle  _WSPRINTF
 0006:0034       __8086
 0006:0036 idle  __8087
 0006:0049 idle  __abend
 0001:371A       __abort
 0000:0000 idle  __acrtused
 0001:3A2D idle  __addarg
 0006:0F06       __argc
 0006:0F08       __argv
 0006:0AB6       __argv0
 0006:0A14       __atexitcnt
 0006:0E86       __atexittbl
 0006:008E idle  __AutoTracking
 0001:36FD idle  __cexit
 0006:0092 idle  __CheckBreak
 0006:0090 idle  __CheckEOF
 0001:00DB       __checknull
 0001:00C9       __cleanup
 0001:2A26 idle  __close
 0006:0040       __cmdShow
 0006:08FA       __ctype
 0003:2F43 idle  __CurrExcContext
 0006:0082 idle  __Cursor
 0001:0517 idle  __CursorTo
 0001:370B idle  __c_exit
 0000:0010 idle  __DestructorCount
 0006:0DA8 idle  __DestructorCountPtr
 0001:11C9 idle  __DoneEasyWin
 0006:0424 idle  __doserrno
 0001:1E02 idle  __DOSERROR
 0006:0426 idle  __dosErrorToSV
 0006:0ADC       __environ
 0006:0AD8       __envLng
 0006:0AD6       __envseg
 0006:0ADA       __envSize
 0001:3780       __errorBox
 0001:37D8       __errorExitBox
 0003:02D7       __ExceptInit
 0003:21CD       __ExceptionHandler
 0000:0014 idle  __Exception_list
 0001:36E8       __exit
 0006:0A16       __exitbuf
 0006:0A1A       __exitfopen
 0006:0A1E       __exitopen
 0001:3429       __farcallocf
 0001:34A3       __farfreef
 0001:33E2       __farmallocf
 0001:34D5       __farreallocf
 0001:2028       __flushout
 0001:017A       __fmemcpy
 0001:01C8       __fmemset
 0001:3CAE idle  __FpeDefault
 0001:3E3B idle  __FpeHandler
 0001:2374 idle  __fputc
 0001:2537       __FPUTN
 0006:0C8A idle  __FPVector
 0001:01A0 idle  __fsetmem
 0001:00F2       __GetDGROUP
 0001:30AD       __GETMEM
 0001:337D       __GET_TEMP_BLOCK
 0003:144B idle  __Global_unwind
 0006:003A       __hInstance
 0006:003C       __hPrev
 0006:008A idle  __InactiveTitle
 0001:0056 idle  __INITAPPCALLED
 0001:12E2       __InitEasyWin
 0001:3056 idle  __INITMEM
 0001:1DC4       __IOERROR
 0001:0951 idle  __KeyPressed
 0003:20CF idle  __Local_unwind
 0006:0047 idle  __LockWIN87EM
 0006:0A02 idle  __new_handler
 0006:03FA       __nfile
 0006:03FC       __openfd
 0006:0086 idle  __Origin
 0006:0042 idle  __osmajor
 0006:0043 idle  __osminor
 0006:0044 idle  __osmode
 0006:0042 idle  __osversion
 0006:0032 idle  __protected
 0006:0038       __psp
 0006:003E       __pszCmdline
 0001:1EB8       __read
 0001:0A0E idle  __ReadBuf
 0001:09A8 idle  __ReadKey
 0006:0C8E idle  __RealCvtVector
 0001:00DC       __restorezero
 0003:20FE idle  __Return_unwind
 0001:32BD       __RLSMEM
 0001:33B7       __RLS_TEMP_BLOCK
 0001:2A02       __rtl_close
 0001:1E5E       __rtl_read
 0001:2B08       __rtl_write
 0006:0C8E idle  __ScanTodVector
 0006:007E idle  __ScreenSize
 0001:057E idle  __ScrollTo
 0001:37F8 idle  __setargv
 0006:0A44 idle  __setargv__
 0001:1D26       __setupio
 0001:32A7       __SIZMEM
 0001:33CE       __SIZ_TEMP_BLOCK
 0001:306B idle  __STOPMEM
 0006:026A       __streams
 0006:0480 idle  __sys_errlist
 0006:0540       __sys_nerr
 0001:00DD       __terminate
 0001:065D idle  __TrackCursor
 0006:0042 idle  __version
 0006:0045       __WinAllocFlag
 0006:0076 idle  __WindowOrg
 0006:007A idle  __WindowSize
 0006:0CE2 idle  __WindowTitle
 0001:00B2 idle  __WINMAINCALL
 0001:2B72 idle  __write
 0001:07E8 idle  __WriteBuf
 0001:0938 idle  __WriteChar
 0001:29C2       __xfflush
 0006:0264       ___cachedSS
 0006:0266       ___cachedVarPtr
 0003:0090       ___call_terminate
 0003:01A8       ___call_unexpected
 0006:0CE0       ___cmdShow
 0006:0110       ___CPPexceptionList
 0006:0DB8       ___EH_TablePtr
 0001:35D0       ___ErrorMessage
 0006:0114 idle  ___exceptFlags
 0006:0138 idle  ___exceptionNameBuff
 0006:0134 idle  ___exceptMemAllocVars
 0006:0130 idle  ___exceptStaticBuffP
 0006:01B8 idle  ___ExceptStaticXbuff
 0003:36BA       ___ExitExceptBlocks
 0001:303E       ___GetSubAllocClientData
 0006:0CDC       ___hInstance
 0006:0CDE       ___hPrev
 0003:3649       ___InitExceptBlocks
 0003:0352 idle  ___JumpToCatch__
 0001:2A3A       ___read
 0006:0756       ___ReadBufFPtr
 0006:0116 idle  ___savedDS
 0006:0118 idle  ___savedSI
 0006:0E78 idle  ___stderr_streambuf
 0006:0E70 idle  ___stdin_streambuf
 0006:0E74 idle  ___stdout_streambuf
 0006:011A idle  ___terminatePTR
 0006:0122 idle  ___terminate_DS
 0006:012C idle  ___throwExceptionName
 0006:0126 idle  ___throwFileName
 0006:012A idle  ___throwLineNumber
 0006:011E idle  ___unexpectdPTR
 0006:0124 idle  ___unexpectd_DS
 0001:2860       ___write
 0006:075A       ___WriteBufFPtr
 0006:09FC       ___xalloc

  Address         Publics by Value

 0000:0000 idle  TRANSLATEMESSAGE
 0000:0000 idle  ENUMTASKWINDOWS
 0000:0000 idle  POSTQUITMESSAGE
 0000:0000 idle  DESTROYWINDOW
 0000:0000 idle  __acrtused
 0000:0000 idle  GETDOSENVIRONMENT
 0000:0000 idle  MESSAGEBOX
 0000:0000 idle  CREATECARET
 0000:0000 idle  GETWINFLAGS
 0000:0000 idle  LOADCURSOR
 0000:0000 idle  UNLOCKSEGMENT
 0000:0000 idle  INITTASK
 0000:0000 idle  RELEASEDC
 0000:0000 idle  GLOBALFREE
 0000:0000 idle  SETWINDOWTEXT
 0000:0000 idle  WAITEVENT
 0000:0000 idle  GETSTOCKOBJECT
 0000:0000 idle  FATALEXIT
 0000:0000 idle  TEXTOUT
 0000:0000 idle  BEGINPAINT
 0000:0000 idle  DESTROYCARET
 0000:0000 idle  ENABLEMENUITEM
 0000:0000 idle  REGISTERCLASS
 0000:0000 idle  SHOWCARET
 0000:0000 idle  GETSYSTEMMENU
 0000:0000 idle  PEEKMESSAGE
 0000:0000 idle  LOADICON
 0000:0000 idle  DISPATCHMESSAGE
 0000:0000 idle  TIMES2
 0000:0000 idle  GETSYSTEMMETRICS
 0000:0000 idle  GLOBALSIZE
 0000:0000 idle  GETMODULEFILENAME
 0000:0000 idle  UPDATEWINDOW
 0000:0000 idle  MESSAGEBEEP
 0000:0000 idle  GETMODULEUSAGE
 0000:0000 idle  SETSCROLLRANGE
 0000:0000 idle  LOCKSEGMENT
 0000:0000 idle  OEMTOANSI
 0000:0000 idle  SETSCROLLPOS
 0000:0000 idle  GETDC
 0000:0000 idle  DEFWINDOWPROC
 0000:0000 idle  INVALIDATERECT
 0000:0000 idle  SETCARETPOS
 0000:0000 idle  ENDPAINT
 0000:0000 idle  SELECTOBJECT
 0000:0000 idle  GETMESSAGE
 0000:0000 idle  GLOBALLOCK
 0000:0000 idle  GETCURRENTTASK
 0000:0000 idle  CREATEWINDOW
 0000:0000 idle  GLOBALUNLOCK
 0000:0000 idle  GETTEXTMETRICS
 0000:0000 idle  INITAPP
 0000:0000 idle  _WSPRINTF
 0000:0000 idle  GETKEYSTATE
 0000:0000 idle  GLOBALREALLOC
 0000:0000 idle  GLOBALALLOC
 0000:0000 idle  GLOBALHANDLE
 0000:0000 idle  SHOWWINDOW
 0000:0000 idle  SCROLLWINDOW
 0000:0010 idle  __DestructorCount
 0000:0014 idle  __Exception_list
 0001:0056 idle  __INITAPPCALLED
 0001:00B2 idle  __WINMAINCALL
 0001:00C9       __cleanup
 0001:00DB       __checknull
 0001:00DC       __restorezero
 0001:00DD       __terminate
 0001:00F2       __GetDGROUP
 0001:017A       __fmemcpy
 0001:01A0 idle  __fsetmem
 0001:01C8       __fmemset
 0001:01EC       _strrchr
 0001:023A       _memcmp
 0001:0264       _memcpy
 0001:028A idle  _setmem
 0001:02B2       _memset
 0001:02D6 idle  _movmem
 0001:032F       _memmove
 0001:0356       _strcmp
 0001:0388       _strcpy
 0001:03B4       _strlen
 0001:0517 idle  __CursorTo
 0001:057E idle  __ScrollTo
 0001:065D idle  __TrackCursor
 0001:07E8 idle  __WriteBuf
 0001:0938 idle  __WriteChar
 0001:0951 idle  __KeyPressed
 0001:09A8 idle  __ReadKey
 0001:0A0E idle  __ReadBuf
 0001:0AAE idle  _gotoxy
 0001:0ACA idle  _wherex
 0001:0AD3 idle  _wherey
 0001:0ADC idle  _clrscr
 0001:0B34 idle  _clreol
 0001:1062       @_EASYWINPROC$QUIUIUIL
 0001:1175       @__InitEasyWin$qv
 0001:11C9 idle  __DoneEasyWin
 0001:11E6       @__ExitEasyWin$qv
 0001:126A       @__CreateEasyWin$qv
 0001:12E2       __InitEasyWin
 0001:1312       @xalloc@$bctr$qmx6stringui
 0001:1391       @xalloc@raise$qv
 0001:1538       @xmsg@$bctr$qmx6string
 0001:15FF       @xmsg@$bctr$qmx4xmsg
 0001:16A6       @xmsg@$bdtr$qv
 0001:1713 idle  @xmsg@raise$qv
 0001:1787 idle  @xmsg@$basg$qmx4xmsg
 0001:18DF       @__EH_AllocTable$qv
 0001:1BD6       @__EH_GetClientData$qui
 0001:1CD1       @__EH_InitStaticData$qv
 0001:1D26       __setupio
 0001:1DC4       __IOERROR
 0001:1E02 idle  __DOSERROR
 0001:1E16       _isatty
 0001:1E2E       _lseek
 0001:1E5E       __rtl_read
 0001:1EB8       __read
 0001:1ED6       _read
 0001:1ED9       _write
 0001:1EDC       _close
 0001:1F08       _fflush
 0001:1FDA       _flushall
 0001:2028       __flushout
 0001:20AC       _fputs
 0001:2189       _fseek
 0001:220E idle  _ftell
 0001:22EA idle  _perror
 0001:2374 idle  __fputc
 0001:2396 idle  _fputc
 0001:251E idle  _fputchar
 0001:2537       __FPUTN
 0001:273E       _setvbuf
 0001:2860       ___write
 0001:29C2       __xfflush
 0001:2A02       __rtl_close
 0001:2A26 idle  __close
 0001:2A3A       ___read
 0001:2B08       __rtl_write
 0001:2B72 idle  __write
 0001:2B90       F_LXMUL@
 0001:2B90 idle  LXMUL@
 0001:2BA7 idle  N_LDIV@
 0001:2BAA idle  LDIV@
 0001:2BAA idle  F_LDIV@
 0001:2BAE idle  N_LUDIV@
 0001:2BB1 idle  LUDIV@
 0001:2BB1       F_LUDIV@
 0001:2BB6 idle  N_LMOD@
 0001:2BB9 idle  F_LMOD@
 0001:2BB9 idle  LMOD@
 0001:2BBE idle  N_LUMOD@
 0001:2BC1 idle  F_LUMOD@
 0001:2BC1 idle  LUMOD@
 0001:2C55 idle  N_LXLSH@
 0001:2C58       F_LXLSH@
 0001:2C58 idle  LXLSH@
 0001:2C76       N_LXMUL@
 0001:2C8E       @$bdele$qnv
 0001:2CA8       @$bdla$qnv
 0001:2CDE idle  @xnew_handler$qv
 0001:2D45 idle  @set_new_handler$qnqv$v
 0001:2D73       @$bnew$qui
 0001:2FAE       @$bnwa$qui
 0001:2FC2       _malloc
 0001:2FDE       _realloc
 0001:3000       _calloc
 0001:3021       _free
 0001:303E       ___GetSubAllocClientData
 0001:3056 idle  __INITMEM
 0001:306B idle  __STOPMEM
 0001:30AD       __GETMEM
 0001:32A7       __SIZMEM
 0001:32BD       __RLSMEM
 0001:337D       __GET_TEMP_BLOCK
 0001:33B7       __RLS_TEMP_BLOCK
 0001:33CE       __SIZ_TEMP_BLOCK
 0001:33E2       __farmallocf
 0001:3429       __farcallocf
 0001:34A3       __farfreef
 0001:34D5       __farreallocf
 0001:35D0       ___ErrorMessage
 0001:35EA       _movedata
 0001:360E       _abort
 0001:3620 idle  _atexit
 0001:36D3       _exit
 0001:36E8       __exit
 0001:36FD idle  __cexit
 0001:370B idle  __c_exit
 0001:371A       __abort
 0001:3780       __errorBox
 0001:37D8       __errorExitBox
 0001:37F8 idle  __setargv
 0001:3A2D idle  __addarg
 0001:3C57 idle  _signal
 0001:3CAE idle  __FpeDefault
 0001:3DB7       _raise
 0001:3E3B idle  __FpeHandler
 0001:3E92       WINMAIN
 0002:0000       _main
 0003:0000       @terminate$qv
 0003:000A idle  @set_terminate$qnqv$v
 0003:0090       ___call_terminate
 0003:0143       @unexpected$qv
 0003:014C idle  @set_unexpected$qnqv$v
 0003:01A8       ___call_unexpected
 0003:022B       @__GetPolymorphicDTC$qnvui
 0003:027F idle  @__GetPolymorphicDTCfar$qnvui
 0003:02D7       __ExceptInit
 0003:0352 idle  ___JumpToCatch__
 0003:1281       @_ThrowException$qnvt1t1t1uiuiuinuc
 0003:12D9 idle  @_ReThrowException$quinuc
 0003:144B idle  __Global_unwind
 0003:1497 idle  _RaiseException
 0003:1A58       @_CatchCleanup$qv
 0003:20CF idle  __Local_unwind
 0003:20FE idle  __Return_unwind
 0003:21CD       __ExceptionHandler
 0003:2F43 idle  __CurrExcContext
 0003:2F95 idle  @__ThrowFileName$qv
 0003:2FB4 idle  @__ThrowLineNumber$qv
 0003:2FCF idle  @__ThrowExceptionName$qv
 0003:2FEE idle  @typeinfo@0$bctr$qmx8typeinfo
 0003:3056 idle  @typeinfo@0$basg$qmx8typeinfo
 0003:3067 idle  @typeinfo@0$bdtr$qv
 0003:309E idle  @typeinfo@0$beql$xqmx8typeinfo
 0003:30C6 idle  @typeinfo@0$bneq$xqmx8typeinfo
 0003:30E9 idle  @typeinfo@0before$xqmx8typeinfo
 0003:3161 idle  @typeinfo@0name$xqv
 0003:317E idle  @__GetTypeInfo$qnvt1t1t1
 0003:343F idle  @__DynamicCast$qnvt1t1t1i
 0003:3622       @__RefDestructorCount$qv
 0003:3635 idle  @__RefExceptionList$qv
 0003:3649       ___InitExceptBlocks
 0003:36BA       ___ExitExceptBlocks
 0004:03C1 idle  @Iostream_delete$qv
 0004:07E8       @filebuf@close$qv
 0004:0894       @filebuf@$bctr$qi
 0004:09F8       @filebuf@$bdtr$qv
 0004:0AF0       @filebuf@overflow$qi
 0004:0C3C       @filebuf@setbuf$qnci
 0004:0CFA       @filebuf@seekoff$ql12ios@seek_diri
 0004:0D84       @filebuf@sync$qv
 0004:0F22       @filebuf@underflow$qv
 0004:10DE       @istream_withassign@$basg$qn9streambuf
 0004:1104       @istream@$bctr$qv
 0004:1204       @istream_withassign@$bctr$qv
 0004:1360       @istream@ipfx$qi
 0004:1464       @istream@$bdtr$qv
 0004:154C       @istream_withassign@$bdtr$qv
 0004:169A       @istream@eatwhite$qv
 0004:1784       @istream@$brsh$qmi
 0004:1AF0       @istream@$brsh$qml
 0004:1D68       @ostream_withassign@$basg$qn9streambuf
 0004:1D8E       @ostream@$bctr$qv
 0004:1E84       @ostream_withassign@$bctr$qv
 0004:1FE0       @ostream@$bdtr$qv
 0004:20E0       @ostream_withassign@$bdtr$qv
 0004:222E       @ostream@flush$qv
 0004:227A       @streambuf@doallocate$qv
 0004:22C6       @streambuf@$bctr$qv
 0004:23B4       @streambuf@do_snextc$qv
 0004:23E8       @streambuf@do_sgetn$qnci
 0004:24A2       @streambuf@do_sputn$qnxci
 0004:254A       @streambuf@$bdtr$qv
 0004:25DE       @streambuf@overflow$qi
 0004:25E6       @streambuf@pbackfail$qi
 0004:25EE       @streambuf@setbuf$qnci
 0004:2620       @streambuf@setb$qnct1i
 0004:26D4       @streambuf@setg$qnct1t1
 0004:2742       @streambuf@setp$qnct1
 0004:2794       @streambuf@seekoff$ql12ios@seek_diri
 0004:27A0       @streambuf@seekpos$qli
 0004:27C8       @streambuf@sync$qv
 0004:281A       @streambuf@underflow$qv
 0004:2854       @ios@clear$qi
 0004:2894       @ios@$bctr$qv
 0004:291C       @ios@$bdtr$qv
 0004:29AE       @ios@init$qn9streambuf
 0004:2A0A       @ios@setf$ql
 0004:2ACE       @ios@setstate$qi
 0004:2AFA       @ios@tie$qn7ostream
 0005:0000       @string@$bctr$qmx6string
 0005:00E8       @string@$bctr$qnxc
 0005:0304       @string@$bdtr$qv
 0005:0389 idle  @string@assert_element$xqui
 0005:0441 idle  @string@assert_index$xqui
 0005:04F9 idle  @TSubString@assert_element$xqui
 0005:05AE       @TStringRef@$bctr$qnxcuit1uiui
 0005:0694       @TStringRef@$bdtr$qv
 0005:06F6 idle  @TStringRef@reserve$qui
 0005:0764 idle  @TStringRef@check_freeboard$qv
 0005:07CC idle  @TStringRef@grow_to$qui
 0005:082E idle  @TStringRef@round_capacity$qui
 0005:086D idle  @TStringRef@splice$quiuinxcui
 0005:0A2A idle  @string@set_case_sensitive$qi
 0005:0A47 idle  @string@set_paranoid_check$qi
 0005:0A64 idle  @string@skip_whitespace$qi
 0005:0A81 idle  @string@initial_capacity$qui
 0005:0A9E idle  @string@resize_increment$qui
 0005:0AC8 idle  @string@max_waste$qui
 0006:0030       _errno
 0006:0032 idle  __protected
 0006:0034       __8086
 0006:0036 idle  __8087
 0006:0038       __psp
 0006:003A       __hInstance
 0006:003C       __hPrev
 0006:003E       __pszCmdline
 0006:0040       __cmdShow
 0006:0042 idle  __version
 0006:0042 idle  __osversion
 0006:0042 idle  __osmajor
 0006:0043 idle  __osminor
 0006:0044 idle  __osmode
 0006:0045       __WinAllocFlag
 0006:0047 idle  __LockWIN87EM
 0006:0049 idle  __abend
 0006:0076 idle  __WindowOrg
 0006:007A idle  __WindowSize
 0006:007E idle  __ScreenSize
 0006:0082 idle  __Cursor
 0006:0086 idle  __Origin
 0006:008A idle  __InactiveTitle
 0006:008E idle  __AutoTracking
 0006:0090 idle  __CheckEOF
 0006:0092 idle  __CheckBreak
 0006:0110       ___CPPexceptionList
 0006:0114 idle  ___exceptFlags
 0006:0116 idle  ___savedDS
 0006:0118 idle  ___savedSI
 0006:011A idle  ___terminatePTR
 0006:011E idle  ___unexpectdPTR
 0006:0122 idle  ___terminate_DS
 0006:0124 idle  ___unexpectd_DS
 0006:0126 idle  ___throwFileName
 0006:012A idle  ___throwLineNumber
 0006:012C idle  ___throwExceptionName
 0006:0130 idle  ___exceptStaticBuffP
 0006:0134 idle  ___exceptMemAllocVars
 0006:0138 idle  ___exceptionNameBuff
 0006:01B8 idle  ___ExceptStaticXbuff
 0006:0264       ___cachedSS
 0006:0266       ___cachedVarPtr
 0006:026A       __streams
 0006:03FA       __nfile
 0006:03FC       __openfd
 0006:0424 idle  __doserrno
 0006:0426 idle  __dosErrorToSV
 0006:0480 idle  __sys_errlist
 0006:0540       __sys_nerr
 0006:0756       ___ReadBufFPtr
 0006:075A       ___WriteBufFPtr
 0006:0792 idle  @filebuf@openprot
 0006:08DC       @ios@basefield
 0006:08E0       @ios@adjustfield
 0006:08E4       @ios@floatfield
 0006:08E8 idle  @ios@nextbit
 0006:08EC idle  @ios@usercount
 0006:08FA       __ctype
 0006:09FC       ___xalloc
 0006:0A02 idle  __new_handler
 0006:0A14       __atexitcnt
 0006:0A16       __exitbuf
 0006:0A1A       __exitfopen
 0006:0A1E       __exitopen
 0006:0A44 idle  __setargv__
 0006:0AB6       __argv0
 0006:0AD6       __envseg
 0006:0AD8       __envLng
 0006:0ADA       __envSize
 0006:0ADC       __environ
 0006:0C24 idle  @string@case_sensitive
 0006:0C26 idle  @string@paranoid_check
 0006:0C28 idle  @string@skip_white
 0006:0C2A idle  @string@initial_capac
 0006:0C2C idle  @string@resize_inc
 0006:0C2E idle  @string@freeboard
 0006:0C8A idle  __FPVector
 0006:0C8E idle  __ScanTodVector
 0006:0C8E idle  __RealCvtVector
 0006:0CDC       ___hInstance
 0006:0CDE       ___hPrev
 0006:0CE0       ___cmdShow
 0006:0CE2 idle  __WindowTitle
 0006:0DA8 idle  __DestructorCountPtr
 0006:0DB8       ___EH_TablePtr
 0006:0DBE       _cin
 0006:0DEC idle  _cout
 0006:0E18 idle  _cerr
 0006:0E44 idle  _clog
 0006:0E70 idle  ___stdin_streambuf
 0006:0E74 idle  ___stdout_streambuf
 0006:0E78 idle  ___stderr_streambuf
 0006:0E7C idle  @ios@stdioflush
 0006:0E80 idle  _SubAllocClientData
 0006:0E86       __atexittbl
 0006:0F06       __argc
 0006:0F08       __argv

Line numbers for caller.obj(CALLER.CPP) segment CALLER_TEXT

    11 0000:0000    15 0000:000D    17 0000:0014    18 0000:0025

