
 Start         Length Name               Class

  0001:0000    065FH  _TEXT              CODE
  0001:0660    1154H  VBTOCPP_TEXT       CODE
  0001:17B4    005FH  _TEXTB             CODE
  0002:0000    0000H  _FARDATA           FAR_DATA
  0002:0000    0000H  _FARBSS            FAR_BSS
  0002:0000    0024H  NULL               BEGDATA
  0002:0030    0084H  _DATA              DATA
  0002:00B4    0004H  _FPSEG             DATA
  0002:00B8    0000H  _CVTSEG            DATA
  0002:00B8    0000H  _SCNSEG            DATA
  0002:00B8    0000H  _CONST             CONST
  0002:00B8    0012H  _INIT_             INITDATA
  0002:00CA    0000H  _INITEND_          INITDATA
  0002:00CA    000CH  _EXIT_             EXITDATA
  0002:00D6    0000H  _EXITEND_          EXITDATA
  0002:00D6    0080H  _BSS               BSS
  0002:0156    0000H  _BSSEND            BSSEND


Detailed map of segments

 0001:0000 0180 C=CODE   S=_TEXT          G=(none)  M=C0D.ASM    ACBP=48
 0001:0180 0008 C=CODE   S=_TEXT          G=(none)  M=XXASSTUB   ACBP=28
 0001:0188 0005 C=CODE   S=_TEXT          G=(none)  M=SETUPIO    ACBP=48
 0001:018D 0021 C=CODE   S=_TEXT          G=(none)  M=H_LLSH     ACBP=28
 0001:01AE 0019 C=CODE   S=_TEXT          G=(none)  M=DEL        ACBP=48
 0001:01C8 0019 C=CODE   S=_TEXT          G=(none)  M=DELARRAY   ACBP=48
 0001:01E2 02F4 C=CODE   S=_TEXT          G=(none)  M=NEW        ACBP=48
 0001:04D6 0014 C=CODE   S=_TEXT          G=(none)  M=NEWARRAY   ACBP=48
 0001:04EA 007C C=CODE   S=_TEXT          G=(none)  M=HEAP       ACBP=48
 0001:0566 0032 C=CODE   S=_TEXT          G=(none)  M=ATEXIT     ACBP=48
 0001:0598 00C7 C=CODE   S=_TEXT          G=(none)  M=EXIT       ACBP=48
 0001:0660 1154 C=CODE   S=VBTOCPP_TEXT   G=(none)  M=VBTOCPP.CPP ACBP=48
 0001:17B4 005F C=CODE   S=_TEXTB         G=(none)  M=XXA        ACBP=48
 0002:0000 0000 C=FAR_DATA S=_FARDATA       G=DGROUP  M=C0D.ASM    ACBP=68
 0002:0000 0000 C=FAR_BSS S=_FARBSS        G=DGROUP  M=C0D.ASM    ACBP=68
 0002:0000 0024 C=BEGDATA S=NULL           G=DGROUP  M=C0D.ASM    ACBP=68
 0002:0030 0040 C=DATA   S=_DATA          G=DGROUP  M=C0D.ASM    ACBP=68
 0002:0070 001B C=DATA   S=_DATA          G=DGROUP  M=VBTOCPP.CPP ACBP=48
 0002:008C 0000 C=DATA   S=_DATA          G=DGROUP  M=XXA        ACBP=48
 0002:008C 0000 C=DATA   S=_DATA          G=DGROUP  M=XXASSTUB   ACBP=48
 0002:008C 0000 C=DATA   S=_DATA          G=DGROUP  M=SETUPIO    ACBP=48
 0002:008C 0000 C=DATA   S=_DATA          G=DGROUP  M=H_LLSH     ACBP=48
 0002:008C 0000 C=DATA   S=_DATA          G=DGROUP  M=DEL        ACBP=48
 0002:008C 0000 C=DATA   S=_DATA          G=DGROUP  M=DELARRAY   ACBP=48
 0002:008C 0018 C=DATA   S=_DATA          G=DGROUP  M=NEW        ACBP=48
 0002:00A4 0000 C=DATA   S=_DATA          G=DGROUP  M=NEWARRAY   ACBP=48
 0002:00A4 0000 C=DATA   S=_DATA          G=DGROUP  M=HEAP       ACBP=48
 0002:00A4 0002 C=DATA   S=_DATA          G=DGROUP  M=ATEXIT     ACBP=48
 0002:00A6 000E C=DATA   S=_DATA          G=DGROUP  M=EXIT       ACBP=48
 0002:00B4 0004 C=DATA   S=_FPSEG         G=DGROUP  M=C0D.ASM    ACBP=48
 0002:00B8 0000 C=DATA   S=_CVTSEG        G=DGROUP  M=C0D.ASM    ACBP=48
 0002:00B8 0000 C=DATA   S=_SCNSEG        G=DGROUP  M=C0D.ASM    ACBP=48
 0002:00B8 0000 C=CONST  S=_CONST         G=DGROUP  M=C0D.ASM    ACBP=48
 0002:00B8 0000 C=INITDATA S=_INIT_         G=DGROUP  M=C0D.ASM    ACBP=48
 0002:00B8 0006 C=INITDATA S=_INIT_         G=DGROUP  M=VBTOCPP.CPP ACBP=48
 0002:00BE 0006 C=INITDATA S=_INIT_         G=DGROUP  M=SETUPIO    ACBP=48
 0002:00C4 0006 C=INITDATA S=_INIT_         G=DGROUP  M=NEW        ACBP=48
 0002:00CA 0000 C=INITDATA S=_INITEND_      G=DGROUP  M=C0D.ASM    ACBP=28
 0002:00CA 0000 C=EXITDATA S=_EXIT_         G=DGROUP  M=C0D.ASM    ACBP=48
 0002:00CA 0006 C=EXITDATA S=_EXIT_         G=DGROUP  M=VBTOCPP.CPP ACBP=48
 0002:00D0 0006 C=EXITDATA S=_EXIT_         G=DGROUP  M=NEW        ACBP=48
 0002:00D6 0000 C=EXITDATA S=_EXITEND_      G=DGROUP  M=C0D.ASM    ACBP=28
 0002:00D6 0000 C=BSS    S=_BSS           G=DGROUP  M=C0D.ASM    ACBP=48
 0002:00D6 0000 C=BSS    S=_BSS           G=DGROUP  M=VBTOCPP.CPP ACBP=48
 0002:00D6 0000 C=BSS    S=_BSS           G=DGROUP  M=XXA        ACBP=48
 0002:00D6 0000 C=BSS    S=_BSS           G=DGROUP  M=SETUPIO    ACBP=48
 0002:00D6 0000 C=BSS    S=_BSS           G=DGROUP  M=NEW        ACBP=48
 0002:00D6 0080 C=BSS    S=_BSS           G=DGROUP  M=ATEXIT     ACBP=48
 0002:0156 0000 C=BSSEND S=_BSSEND        G=DGROUP  M=C0D.ASM    ACBP=28

  Address         Publics by Name

 0001:01AE       @$BDELE$QNV
 0001:01C8       @$BDLA$QNV
 0001:0295       @$BNEW$QUI
 0001:04D6       @$BNWA$QUI
 0001:0D37       @$XT$19%BIH_VECTORIMP$TNC%
 0001:0DE6       @$XT$20%BIH_CVECTORIMP$TNC%
 0001:0BEA       @$XT$23%BIH_ARRAYASVECTOR$TNC%
 0001:049E       @$XT$4XMSG
 0001:0CB3       @$XT$50%BIH_ARRAYASVECTORIMP$T20%BIH_CVECTORIMP$TNC%$TNC%
 0001:0387       @$XT$6STRING
 0001:03C1       @$XT$6XALLOC
 0001:0C3E       @%BIH_ARRAYASVECTOR$TNC%@0$BDTR$QV
 0001:1745       @%BIH_ARRAYASVECTORIMP$T20%BIH_CVECTORIMP$TNC%$TNC%@0$BDTR$QV
 0001:1683       @%BIH_CVECTORIMP$TNC%@0$BDTR$QV
 0001:10D1       @%BIH_CVECTORIMP$TNC%@0ADD$QNC
 0001:106C       @%BIH_CVECTORIMP$TNC%@0ADDAT$QNCL
 0001:0EED       @%BIH_CVECTORIMP$TNC%@0DETACH$QLL
 0001:1031       @%BIH_CVECTORIMP$TNC%@0DETACH$QNCL
 0001:0E6E       @%BIH_CVECTORIMP$TNC%@0FIND$XQNC
 0001:0E53       @%BIH_CVECTORIMP$TNC%@0GETDELTA$XQV
 0001:0E38       @%BIH_CVECTORIMP$TNC%@0TOP$XQV
 0001:0DCA       @%BIH_CVECTORIMP$TNC%@4
 0001:1472       @%BIH_VECTORIMP$TNC%@0$BASG$QMX19%BIH_VECTORIMP$TNC%
 0001:1580       @%BIH_VECTORIMP$TNC%@0$BCTR$QMX19%BIH_VECTORIMP$TNC%
 0001:16EB       @%BIH_VECTORIMP$TNC%@0$BDTR$QV
 0001:11DE       @%BIH_VECTORIMP$TNC%@0FIRSTTHAT$XQNQMXNCNV$LNVLL
 0001:1263       @%BIH_VECTORIMP$TNC%@0FOREACH$QNQMNCNV$VNVLL
 0001:0D9A       @%BIH_VECTORIMP$TNC%@0GETDELTA$XQV
 0001:114A       @%BIH_VECTORIMP$TNC%@0LASTTHAT$XQNQMXNCNV$LNVLL
 0001:0DBC       @%BIH_VECTORIMP$TNC%@0REMOVEDATA$QNC
 0001:12BC       @%BIH_VECTORIMP$TNC%@0RESIZE$QLL
 0001:0D7F       @%BIH_VECTORIMP$TNC%@0TOP$XQV
 0001:0DAE       @%BIH_VECTORIMP$TNC%@0ZERO$QLL
 0001:0D1F       @%BIH_VECTORIMP$TNC%@4
 0001:0267 idle  @SET_NEW_HANDLER$QNQV$V
 0000:0000 idle  @STRING@0$BCTR$QNXC
 0000:0000 idle  @STRING@0$BDTR$QV
 0000:0000 idle  @XALLOC@0$BCTR$QMX6STRINGUI
 0001:0403       @XALLOC@0$BCTR$QMX6XALLOC
 0001:0448       @XALLOC@0$BDTR$QV
 0000:0000 idle  @XMSG@0$BCTR$QMX4XMSG
 0000:0000 idle  @XMSG@0$BDTR$QV
 0001:01FE idle  @XNEW_HANDLER$QV
 0000:0000 idle  @_THROWEXCEPTION$QNVT1T1T1UIUIUINUC
 0000:0000 idle  @__REFDESTRUCTORCOUNT$QV
 0000:0000 idle  FREELIBRARY
 0001:0190       F_LXLSH@
 0000:0000 idle  GETMODULEUSAGE
 0001:0948       GETSTR
 0000:0000 idle  GETWINFLAGS
 0000:0000 idle  GLOBALALLOC
 0000:0000 idle  GLOBALFREE
 0000:0000 idle  GLOBALLOCK
 0000:0000 idle  GLOBALUNLOCK
 0001:0000 idle  LIBENTRY
 0001:0660       LIBMAIN
 0000:0000 idle  LOCALINIT
 0000:0000 idle  LOCKSEGMENT
 0001:0190 idle  LXLSH@
 0001:018D idle  N_LXLSH@
 0001:06AA       STORESTR
 0001:0693       TIMES2
 0000:0000 idle  UNLOCKSEGMENT
 0001:00B4       WEP
 0001:0566 idle  _ATEXIT
 0001:0528 idle  _CALLOC
 0002:0030 idle  _ERRNO
 0001:0619 idle  _EXIT
 0001:0549       _FREE
 0001:04EA       _MALLOC
 0001:0506 idle  _REALLOC
 0002:0070 idle  _SERVICEARRAY
 0000:0000 idle  _STRCPY
 0000:0000 idle  _STRLEN
 0002:0034 idle  __8086
 0002:0036 idle  __8087
 0002:0043 idle  __ABEND
 0000:0000 idle  __ACRTUSED
 0000:0000 idle  __AHSHIFT
 0002:00A4       __ATEXITCNT
 0002:00D6       __ATEXITTBL
 0001:0643       __CEXIT
 0001:00A8       __CHECKNULL
 0001:0096       __CLEANUP
 0001:0651 idle  __C_EXIT
 0000:0000 idle  __EXCEPTIONHANDLER
 0001:062E idle  __EXIT
 0002:00A6 idle  __EXITBUF
 0002:00AA idle  __EXITFOPEN
 0002:00AE idle  __EXITOPEN
 0000:0000 idle  __FARCALLOCF
 0000:0000 idle  __FARFREEF
 0000:0000 idle  __FARMALLOCF
 0000:0000 idle  __FARREALLOCF
 0002:00B4 idle  __FPVECTOR
 0001:00F7       __GETDGROUP
 0002:003B       __HINSTANCE
 0000:0000 idle  __LOCKDLL
 0002:0041 idle  __LOCKRTLHANDLE
 0002:003F idle  __LOCKWIN87EM
 0002:0092 idle  __NEW_HANDLER
 0002:0038 idle  __OSMAJOR
 0002:0039 idle  __OSMINOR
 0002:003A idle  __OSMODE
 0002:0038 idle  __OSVERSION
 0002:0032 idle  __PROTECTED
 0002:00B8 idle  __REALCVTVECTOR
 0001:00A9       __RESTOREZERO
 0002:00B8 idle  __SCANTODVECTOR
 0001:0188       __SETUPIO
 0001:00AA       __TERMINATE
 0002:0038 idle  __VERSION
 0001:0675       __WEP
 0002:003D       __WINALLOCFLAG
 0000:0000 idle  ___EXITEXCEPTBLOCKS
 0001:17B4       ___INITEXCEPTBLOCK
 0001:0180       ___INITEXCEPTBLOCKS
 0000:0000 idle  ___INITEXCEPTBLOCKSX
 0002:008C idle  ___XALLOC

  Address         Publics by Value

 0000:0000 idle  @XMSG@0$BDTR$QV
 0000:0000 idle  _STRCPY
 0000:0000 idle  __EXCEPTIONHANDLER
 0000:0000 idle  __FARCALLOCF
 0000:0000 idle  GLOBALUNLOCK
 0000:0000 idle  @XALLOC@0$BCTR$QMX6STRINGUI
 0000:0000 idle  __FARFREEF
 0000:0000 idle  UNLOCKSEGMENT
 0000:0000 idle  GLOBALALLOC
 0000:0000 idle  ___EXITEXCEPTBLOCKS
 0000:0000 idle  ___INITEXCEPTBLOCKSX
 0000:0000 idle  __LOCKDLL
 0000:0000 idle  _STRLEN
 0000:0000 idle  @STRING@0$BCTR$QNXC
 0000:0000 idle  LOCALINIT
 0000:0000 idle  @XMSG@0$BCTR$QMX4XMSG
 0000:0000 idle  __AHSHIFT
 0000:0000 idle  FREELIBRARY
 0000:0000 idle  GETWINFLAGS
 0000:0000 idle  __FARREALLOCF
 0000:0000 idle  LOCKSEGMENT
 0000:0000 idle  GLOBALFREE
 0000:0000 idle  GETMODULEUSAGE
 0000:0000 idle  GLOBALLOCK
 0000:0000 idle  @_THROWEXCEPTION$QNVT1T1T1UIUIUINUC
 0000:0000 idle  __FARMALLOCF
 0000:0000 idle  @STRING@0$BDTR$QV
 0000:0000 idle  @__REFDESTRUCTORCOUNT$QV
 0000:0000 idle  __ACRTUSED
 0001:0000 idle  LIBENTRY
 0001:0096       __CLEANUP
 0001:00A8       __CHECKNULL
 0001:00A9       __RESTOREZERO
 0001:00AA       __TERMINATE
 0001:00B4       WEP
 0001:00F7       __GETDGROUP
 0001:0180       ___INITEXCEPTBLOCKS
 0001:0188       __SETUPIO
 0001:018D idle  N_LXLSH@
 0001:0190 idle  LXLSH@
 0001:0190       F_LXLSH@
 0001:01AE       @$BDELE$QNV
 0001:01C8       @$BDLA$QNV
 0001:01FE idle  @XNEW_HANDLER$QV
 0001:0267 idle  @SET_NEW_HANDLER$QNQV$V
 0001:0295       @$BNEW$QUI
 0001:0387       @$XT$6STRING
 0001:03C1       @$XT$6XALLOC
 0001:0403       @XALLOC@0$BCTR$QMX6XALLOC
 0001:0448       @XALLOC@0$BDTR$QV
 0001:049E       @$XT$4XMSG
 0001:04D6       @$BNWA$QUI
 0001:04EA       _MALLOC
 0001:0506 idle  _REALLOC
 0001:0528 idle  _CALLOC
 0001:0549       _FREE
 0001:0566 idle  _ATEXIT
 0001:0619 idle  _EXIT
 0001:062E idle  __EXIT
 0001:0643       __CEXIT
 0001:0651 idle  __C_EXIT
 0001:0660       LIBMAIN
 0001:0675       __WEP
 0001:0693       TIMES2
 0001:06AA       STORESTR
 0001:0948       GETSTR
 0001:0BEA       @$XT$23%BIH_ARRAYASVECTOR$TNC%
 0001:0C3E       @%BIH_ARRAYASVECTOR$TNC%@0$BDTR$QV
 0001:0CB3       @$XT$50%BIH_ARRAYASVECTORIMP$T20%BIH_CVECTORIMP$TNC%$TNC%
 0001:0D1F       @%BIH_VECTORIMP$TNC%@4
 0001:0D37       @$XT$19%BIH_VECTORIMP$TNC%
 0001:0D7F       @%BIH_VECTORIMP$TNC%@0TOP$XQV
 0001:0D9A       @%BIH_VECTORIMP$TNC%@0GETDELTA$XQV
 0001:0DAE       @%BIH_VECTORIMP$TNC%@0ZERO$QLL
 0001:0DBC       @%BIH_VECTORIMP$TNC%@0REMOVEDATA$QNC
 0001:0DCA       @%BIH_CVECTORIMP$TNC%@4
 0001:0DE6       @$XT$20%BIH_CVECTORIMP$TNC%
 0001:0E38       @%BIH_CVECTORIMP$TNC%@0TOP$XQV
 0001:0E53       @%BIH_CVECTORIMP$TNC%@0GETDELTA$XQV
 0001:0E6E       @%BIH_CVECTORIMP$TNC%@0FIND$XQNC
 0001:0EED       @%BIH_CVECTORIMP$TNC%@0DETACH$QLL
 0001:1031       @%BIH_CVECTORIMP$TNC%@0DETACH$QNCL
 0001:106C       @%BIH_CVECTORIMP$TNC%@0ADDAT$QNCL
 0001:10D1       @%BIH_CVECTORIMP$TNC%@0ADD$QNC
 0001:114A       @%BIH_VECTORIMP$TNC%@0LASTTHAT$XQNQMXNCNV$LNVLL
 0001:11DE       @%BIH_VECTORIMP$TNC%@0FIRSTTHAT$XQNQMXNCNV$LNVLL
 0001:1263       @%BIH_VECTORIMP$TNC%@0FOREACH$QNQMNCNV$VNVLL
 0001:12BC       @%BIH_VECTORIMP$TNC%@0RESIZE$QLL
 0001:1472       @%BIH_VECTORIMP$TNC%@0$BASG$QMX19%BIH_VECTORIMP$TNC%
 0001:1580       @%BIH_VECTORIMP$TNC%@0$BCTR$QMX19%BIH_VECTORIMP$TNC%
 0001:1683       @%BIH_CVECTORIMP$TNC%@0$BDTR$QV
 0001:16EB       @%BIH_VECTORIMP$TNC%@0$BDTR$QV
 0001:1745       @%BIH_ARRAYASVECTORIMP$T20%BIH_CVECTORIMP$TNC%$TNC%@0$BDTR$QV
 0001:17B4       ___INITEXCEPTBLOCK
 0002:0030 idle  _ERRNO
 0002:0032 idle  __PROTECTED
 0002:0034 idle  __8086
 0002:0036 idle  __8087
 0002:0038 idle  __VERSION
 0002:0038 idle  __OSVERSION
 0002:0038 idle  __OSMAJOR
 0002:0039 idle  __OSMINOR
 0002:003A idle  __OSMODE
 0002:003B       __HINSTANCE
 0002:003D       __WINALLOCFLAG
 0002:003F idle  __LOCKWIN87EM
 0002:0041 idle  __LOCKRTLHANDLE
 0002:0043 idle  __ABEND
 0002:0070 idle  _SERVICEARRAY
 0002:008C idle  ___XALLOC
 0002:0092 idle  __NEW_HANDLER
 0002:00A4       __ATEXITCNT
 0002:00A6 idle  __EXITBUF
 0002:00AA idle  __EXITFOPEN
 0002:00AE idle  __EXITOPEN
 0002:00B4 idle  __FPVECTOR
 0002:00B8 idle  __SCANTODVECTOR
 0002:00B8 idle  __REALCVTVECTOR
 0002:00D6       __ATEXITTBL

Line numbers for vbtocpp.obj(VBTOCPP.CPP) segment VBTOCPP_TEXT

    26 0000:0660    32 0000:066A    33 0000:066F    35 0000:0675
    37 0000:067F    39 0000:0688    40 0000:068D    42 0000:0693
    44 0000:069D    45 0000:06A4    47 0000:06AA    49 0000:06BB
    51 0000:0777    54 0000:0837    56 0000:0878    58 0000:093E
    60 0000:0948    63 0000:0959    65 0000:0A15    69 0000:0ACF
    72 0000:0AE1
    83 0001:0D7F    85 0001:0D89    86 0001:0D96
   129 0001:0D9A   131 0001:0DA4   132 0001:0DAA
   140 0001:0DAE   142 0001:0DB8
   144 0001:0DBC   146 0001:0DC6
   340 0001:0E38   342 0001:0E42   343 0001:0E4F
   350 0001:0E53   352 0001:0E5D   353 0001:0E6A
   398 0001:0E6E   400 0001:0E7B   402 0001:0E86   403 0001:0E90
   404 0001:0EC5   406 0001:0EDF   407 0001:0EE7
   381 0001:0EED   383 0001:0EFA   384 0001:0F08   385 0001:0F0B
   386 0001:0F12   387 0001:0F50   389 0001:0F5E   390 0001:0F7D
   392 0001:0F80   393 0001:0F88   394 0001:0F92   395 0001:1004
   396 0001:102B
   376 0001:1031   378 0001:103B   379 0001:1068
   369 0001:106C   371 0001:1076   372 0001:1084   373 0001:109D
   374 0001:10CD
   362 0001:10D1   364 0001:10DB   365 0001:10F2   366 0001:110B
   367 0001:1146
   234 0001:114A   240 0001:1157   241 0001:115F   242 0001:1169
   243 0001:119B   244 0001:11CF   245 0001:11D7
   221 0001:11DE   227 0001:11EB   228 0001:11F5   229 0001:1227
   230 0001:1257   231 0001:125D
   210 0001:1263   216 0001:1270   217 0001:127A   218 0001:12B6
   187 0001:12BC   189 0001:12CA   190 0001:12EF   191 0001:12F2
   193 0001:1358   194 0001:136B   196 0001:1377   197 0001:139F
   198 0001:13A9   200 0001:1412   201 0001:141E   203 0001:142A
   204 0001:1431   205 0001:143D   206 0001:1449   207 0001:146A
   163 0001:1472   165 0001:1480   167 0001:14A0   168 0001:14AC
   170 0001:14B8   171 0001:14D4   173 0001:14EB   174 0001:14EB
   175 0001:14FB   176 0001:1505   178 0001:1571   179 0001:1579
   151 0001:1580   152 0001:15B6   154 0001:15C6   155 0001:15E2
   157 0001:15F9   158 0001:15F9   159 0001:1603   160 0001:166F
    66 0001:16EB    67 0001:16F9    68 0001:1714    69 0001:1720
    70 0001:1740

