
 DLLTST

 Start     Length     Name                   Class
 0001:0000 0007DH     MYDLL_TEXT             CODE 16-bit
           at offset 00000H 0007DH bytes from MYDLL.OBJ (c:\volatile\source\cprogs\cpp\dll-st~1\mydll.cpp)

 0001:007E 01A4EH     _TEXT                  CODE 16-bit
           at offset 00000H 000FEH bytes from e:\msvc\lib\ldllcew.lib (windows\crt0.asm)
           at offset 000FEH 0005AH bytes from e:\msvc\lib\ldllcew.lib (windows\wchkstk.asm)
           at offset 00158H 00044H bytes from e:\msvc\lib\ldllcew.lib (fprintf.c)
           at offset 0019CH 000D4H bytes from e:\msvc\lib\ldllcew.lib (fclose.c)
           at offset 00270H 0005AH bytes from e:\msvc\lib\ldllcew.lib (fopen.c)
           at offset 002CAH 0002CH bytes from e:\msvc\lib\ldllcew.lib (windows\stubmain.asm)
           at offset 002F6H 000E3H bytes from e:\msvc\lib\ldllcew.lib (dos\crt0dat.asm)
           at offset 003DAH 00023H bytes from e:\msvc\lib\ldllcew.lib (dos\crt0msg.asm)
           at offset 003FEH 00097H bytes from e:\msvc\lib\ldllcew.lib (dos\stdenvp.asm)
           at offset 00496H 0004CH bytes from e:\msvc\lib\ldllcew.lib (windows\fatal.asm)
           at offset 004E2H 00506H bytes from e:\msvc\lib\ldllcew.lib (output.asm)
           at offset 009E8H 0003AH bytes from e:\msvc\lib\ldllcew.lib (_sftbuf.asm)
           at offset 00A22H 00010H bytes from e:\msvc\lib\ldllcew.lib (windows\windgrp.asm)
           at offset 00A32H 00037H bytes from e:\msvc\lib\ldllcew.lib (_freebuf.asm)
           at offset 00A6AH 00140H bytes from e:\msvc\lib\ldllcew.lib (_open.c)
           at offset 00BAAH 0015CH bytes from e:\msvc\lib\ldllcew.lib (fflush.c)
           at offset 00D06H 00054H bytes from e:\msvc\lib\ldllcew.lib (stream.c)
           at offset 00D5AH 00037H bytes from e:\msvc\lib\ldllcew.lib (dos\close.asm)
           at offset 00D92H 00054H bytes from e:\msvc\lib\ldllcew.lib (strcat.asm)
           at offset 00DE6H 0003CH bytes from e:\msvc\lib\ldllcew.lib (strcpy.asm)
           at offset 00E22H 0001CH bytes from e:\msvc\lib\ldllcew.lib (itoa.asm)
           at offset 00E3EH 00026H bytes from e:\msvc\lib\ldllcew.lib (dos\unlink.asm)
           at offset 00E64H 0004EH bytes from e:\msvc\lib\ldllcew.lib (dos\nmsghdr.asm)
           at offset 00EB2H 0005EH bytes from e:\msvc\lib\ldllcew.lib (commit.c)
           at offset 00F10H 0018BH bytes from e:\msvc\lib\ldllcew.lib (write.asm)
           at offset 0109CH 000E2H bytes from e:\msvc\lib\ldllcew.lib (_flsbuf.asm)
           at offset 0117EH 00006H bytes from e:\msvc\lib\ldllcew.lib (crt0fp.asm)
           at offset 01184H 0002DH bytes from e:\msvc\lib\ldllcew.lib (dos\stdalloc.asm)
           at offset 011B2H 0005DH bytes from e:\msvc\lib\ldllcew.lib (dos\dosret.asm)
           at offset 01210H 00014H bytes from e:\msvc\lib\ldllcew.lib (windows\windgrpx.c)
           at offset 01224H 00001H bytes from e:\msvc\lib\ldllcew.lib (nearstub.asm)
           at offset 01226H 002E8H bytes from e:\msvc\lib\ldllcew.lib (dos\open.asm)
           at offset 0150EH 00063H bytes from e:\msvc\lib\ldllcew.lib (xtoa.asm)
           at offset 01572H 000C8H bytes from e:\msvc\lib\ldllcew.lib (dos\lseek.asm)
           at offset 0163AH 00117H bytes from e:\msvc\lib\ldllcew.lib (growseg.asm)
           at offset 01752H 0004BH bytes from e:\msvc\lib\ldllcew.lib (_getbuf.asm)
           at offset 0179EH 00014H bytes from e:\msvc\lib\ldllcew.lib (stackava.asm)
           at offset 017B2H 000C8H bytes from e:\msvc\lib\ldllcew.lib (fmalloc.asm)
           at offset 0187AH 00024H bytes from e:\msvc\lib\ldllcew.lib (dos\d_commit.asm)
           at offset 0189EH 00081H bytes from e:\msvc\lib\ldllcew.lib (newseg.asm)
           at offset 01920H 0000DH bytes from e:\msvc\lib\ldllcew.lib (fdata.asm)
           at offset 0192EH 0007CH bytes from e:\msvc\lib\ldllcew.lib (searchsg.asm)
           at offset 019AAH 0002AH bytes from e:\msvc\lib\ldllcew.lib (freelist.asm)
           at offset 019D4H 00034H bytes from e:\msvc\lib\ldllcew.lib (initseg.asm)
           at offset 01A08H 00036H bytes from e:\msvc\lib\ldllcew.lib (linkseg.asm)

 0001:1ACC 00054H     WEP_TEXT               CODE 16-bit
           at offset 00000H 0003CH bytes from e:\msvc\lib\ldllcew.lib (windows\wep.asm)
           at offset 0003CH 00018H bytes from e:\msvc\lib\ldllcew.lib (windows\stubwep.asm)

 0002:0000 00010H     NULL                   BEGDATA 16-bit
           at offset 00000H 00010H bytes from e:\msvc\lib\ldllcew.lib (windows\crt0.asm)

 0002:0010 00148H     _DATA                  DATA 16-bit
           at offset 00000H 0001FH bytes from MYDLL.OBJ (c:\volatile\source\cprogs\cpp\dll-st~1\mydll.cpp)
           at offset 00020H 00015H bytes from e:\msvc\lib\ldllcew.lib (windows\crt0.asm)
           at offset 00036H 00004H bytes from e:\msvc\lib\ldllcew.lib (windows\wchkstk.asm)
           at offset 0003AH 00004H bytes from e:\msvc\lib\ldllcew.lib (fclose.c)
           at offset 0003EH 00044H bytes from e:\msvc\lib\ldllcew.lib (dos\crt0dat.asm)
           at offset 00082H 00004H bytes from e:\msvc\lib\ldllcew.lib (dos\crt0msg.asm)
           at offset 00086H 00061H bytes from e:\msvc\lib\ldllcew.lib (output.asm)
           at offset 000E8H 00002H bytes from e:\msvc\lib\ldllcew.lib (file.asm)
           at offset 000EAH 0000CH bytes from e:\msvc\lib\ldllcew.lib (_sftbuf.asm)
           at offset 000F6H 00002H bytes from e:\msvc\lib\ldllcew.lib (_cflush.asm)
           at offset 000F8H 00014H bytes from e:\msvc\lib\ldllcew.lib (dos\dosret.asm)
           at offset 0010CH 00001H bytes from e:\msvc\lib\ldllcew.lib (ncommode.asm)
           at offset 0010EH 00022H bytes from e:\msvc\lib\ldllcew.lib (cmiscdat.asm)
           at offset 00130H 00002H bytes from e:\msvc\lib\ldllcew.lib (growseg.asm)
           at offset 00132H 00002H bytes from e:\msvc\lib\ldllcew.lib (txtmode.asm)
           at offset 00134H 00004H bytes from e:\msvc\lib\ldllcew.lib (fmalloc.asm)
           at offset 00138H 0000EH bytes from e:\msvc\lib\ldllcew.lib (fdata.asm)
           at offset 00146H 00002H bytes from e:\msvc\lib\ldllcew.lib (seekfast.asm)

 0002:0158 0000EH     CDATA                  DATA 16-bit
           at offset 00000H 0000EH bytes from e:\msvc\lib\ldllcew.lib (dos\crt0dat.asm)

 0002:0166 00000H     XIFB                   DATA 16-bit
 0002:0166 00000H     XIF                    DATA 16-bit
 0002:0166 00000H     XIFE                   DATA 16-bit
 0002:0166 00000H     XIB                    DATA 16-bit
 0002:0166 00000H     XI                     DATA 16-bit
 0002:0166 00000H     XIE                    DATA 16-bit
 0002:0166 00000H     XPB                    DATA 16-bit
 0002:0166 00000H     XP                     DATA 16-bit
 0002:0166 00000H     XPE                    DATA 16-bit
 0002:0166 00000H     XCB                    DATA 16-bit
 0002:0166 00000H     XC                     DATA 16-bit
 0002:0166 00000H     XCE                    DATA 16-bit
 0002:0166 00000H     XCFB                   DATA 16-bit
 0002:0166 00000H     XCFCRT                 DATA 16-bit
 0002:0166 00000H     XCF                    DATA 16-bit
 0002:0166 00000H     XCFE                   DATA 16-bit
 0002:0166 00000H     XIFCB                  DATA 16-bit
 0002:0166 00000H     XIFU                   DATA 16-bit
 0002:0166 00000H     XIFL                   DATA 16-bit
 0002:0166 00000H     XIFM                   DATA 16-bit
 0002:0166 00000H     XIFCE                  DATA 16-bit
 0002:0166 000E4H     IOB                    DATA 16-bit
           at offset 00000H 000E4H bytes from e:\msvc\lib\ldllcew.lib (file.asm)

 0002:024A 00000H     IOBX                   DATA 16-bit
 0002:024A 0000CH     IOBE                   DATA 16-bit
           at offset 00000H 0000CH bytes from e:\msvc\lib\ldllcew.lib (file.asm)

 0002:0256 000E4H     IOB2                   DATA 16-bit
           at offset 00000H 000E4H bytes from e:\msvc\lib\ldllcew.lib (file.asm)

 0002:033A 00000H     IOB2X                  DATA 16-bit
 0002:033A 0000CH     IOB2E                  DATA 16-bit
           at offset 00000H 0000CH bytes from e:\msvc\lib\ldllcew.lib (file.asm)

 0002:0346 00000H     DBDATA                 DATA 16-bit
 0002:0346 00000H     CONST                  CONST 16-bit
 0002:0346 00008H     HDR                    MSG 16-bit
           at offset 00000H 00008H bytes from e:\msvc\lib\ldllcew.lib (dos\nmsghdr.asm)

 0002:034E 000D4H     MSG                    MSG 16-bit
           at offset 00000H 000A5H bytes from e:\msvc\lib\ldllcew.lib (dos\crt0msg.asm)
           at offset 000A5H 0002FH bytes from e:\msvc\lib\ldllcew.lib (crt0fp.asm)

 0002:0422 00002H     PAD                    MSG 16-bit
           at offset 00000H 00002H bytes from e:\msvc\lib\ldllcew.lib (dos\crt0msg.asm)
           at offset 00000H 00002H bytes from e:\msvc\lib\ldllcew.lib (dos\nmsghdr.asm)
           at offset 00000H 00002H bytes from e:\msvc\lib\ldllcew.lib (crt0fp.asm)

 0002:0424 00001H     EPAD                   MSG 16-bit
           at offset 00000H 00001H bytes from e:\msvc\lib\ldllcew.lib (dos\nmsghdr.asm)

 0002:0426 00000H     _BSS                   BSS 16-bit
 0002:0426 00000H     XOB                    BSS 16-bit
 0002:0426 00000H     XO                     BSS 16-bit
 0002:0426 00000H     XOE                    BSS 16-bit
 0002:0426 00000H     XOFB                   BSS 16-bit
 0002:0426 00000H     XOF                    BSS 16-bit
 0002:0426 00000H     XOFE                   BSS 16-bit

 Origin   Group
 0002:0   DGROUP

 Address   Export                  Alias

 0001:0020 F1                      F1
 0001:0000 LIBMAIN                 LIBMAIN
 0001:1ACC WEP                     WEP
 0001:129E ___ExportedStub         ___ExportedStub

  Address         Publics by Name

 0000:0000  Imp  DOS3CALL             (KERNEL.102)
 0001:0020       F1
 0000:0000  Imp  FATALAPPEXIT         (KERNEL.137)
 0000:0000  Imp  FATALEXIT            (KERNEL.1)
 0000:0000  Imp  GETDOSENVIRONMENT    (KERNEL.131)
 0000:0000  Imp  GETMODULEUSAGE       (KERNEL.48)
 0000:0000  Imp  GETVERSION           (KERNEL.3)
 0000:0000  Imp  GLOBALALLOC          (KERNEL.15)
 0000:0000  Imp  GLOBALFREE           (KERNEL.17)
 0000:0000  Imp  GLOBALLOCK           (KERNEL.18)
 0000:0000  Imp  GLOBALREALLOC        (KERNEL.16)
 0000:0000  Imp  GLOBALSIZE           (KERNEL.20)
 0000:0000  Imp  GLOBALUNLOCK         (KERNEL.19)
 0000:0000  Imp  INITTASK             (KERNEL.91)
 0001:0000       LIBMAIN
 0000:0000  Imp  LOCALINIT            (KERNEL.4)
 0000:0000  Imp  LOCKSEGMENT          (KERNEL.23)
 0000:0008  Abs  pAtomTable
 0000:0006  Abs  pLocalHeap
 0000:000E  Abs  pStackBot
 0000:000C  Abs  pStackMin
 0000:000A  Abs  pStackTop
 0002:0004       rsrvptrs
 0001:1ACC       WEP
 0002:003F       _aseghi
 0002:003D       _aseglo
 0002:0426       _edata
 0002:0426       _end
 0002:005C       _errno
 0001:022A       _fclose
 0001:0C38       _fflush
 0001:0338       _fopen
 0001:01E6       _fprintf
 0001:0ECC       _remove
 0002:0030       _STKHQQ
 0001:0E20       _strcat
 0001:0E74       _strcpy
 0002:0046       __aaltstkovr
 0000:9876  Abs  __acrtmsg
 0000:9876  Abs  __acrtused
 0000:D6D6  Abs  __aDBdoswp
 0002:0092       __adbgmsg
 0000:D6D6  Abs  __aDBused
 0001:01AC       __aFchkstk
 0002:004E       __aintdiv
 0002:0140       __amblksiz
 0001:052E       __amsg_exit
 0001:018C       __aNchkstk
 0002:013E       __asizeC
 0002:013F       __asizeD
 0001:00D2       __astart
 0001:03CC       __cexit
 0002:011E       __cfltcvt_tab
 0002:0106       __cflush
 0002:008F       __child
 0001:01AC       __chkstk
 0001:0384       __cinit
 0001:0524       __cintDIV
 0001:0DE8       __close
 0001:159C       __cltoasub
 0001:0F40       __commit
 0002:011C       __commode
 0002:0067       __cpumode
 0001:042B       __ctermsub
 0001:158B       __cXENIXtoDOSmode
 0001:15A9       __cxtoa
 0001:03DD       __c_exit
 0002:003C       __dllinit
 0002:0068       __doserrno
 0001:1240       __dosret0
 0001:125F       __dosretax
 0001:124D       __dosreturn
 0001:1908       __dos_commit
 0002:0426       __edata
 0002:0426       __end
 0002:0086       __environ
 0002:0091       __exitflag
 0002:0052       __fac
 0001:1840       __ffree
 0001:0468       __FF_MSGBANNER
 0002:0148       __fheap
 0001:17BF       __findlast
 0001:112A       __flsbuf
 0001:0C94       __flush
 0001:0D14       __flushall
 0001:1861       __fmalloc
 0002:0142       __fmode
 0002:015A       __fpinit
 0000:9876  Abs  __fptaskdata
 0001:120C       __fptrap
 0001:0AC0       __freebuf
 0001:19AE       __freefarheap
 0001:1A38       __freelist
 0001:02FE       __fsopen
 0001:0A81       __ftbuf
 0001:17E0       __getbuf
 0001:0AB0       __GetDGROUP
 0001:0D94       __getstream
 0001:16C8       __growseg
 0002:0032       __hModule
 0001:1759       __incseg
 0001:1A62       __initseg
 0002:0166       __iob
 0002:0256       __iob2
 0002:0142       __iomode
 0001:0EB0       __itoa
 0002:00F8       __lastiob
 0001:1A96       __linkseg
 0002:0038       __lpszCmdLine
 0001:1600       __lseek
 0002:0156       __lseekchk
 0001:1271       __maperror
 0001:1212       __myalloc
 0001:12B2       __nearstub
 0001:192C       __newseg
 0002:006A       __nfile
 0001:0EF2       __NMSG_TEXT
 0001:0F29       __NMSG_WRITE
 0001:0174       __nomain
 0001:12CC       __open
 0001:0AF8       __openfile
 0002:0068       __oserr
 0002:006C       __osfile
 0002:0063       __osmajor
 0002:0062       __osminor
 0002:0066       __osmode
 0002:0062       __osver
 0002:0064       __osversion
 0001:0580       __output
 0002:008A       __pgmptr
 0002:0144       __pnhFarHeap
 0001:19BC       __searchseg
 0001:048C       __setenvp
 0002:013C       __sigintoff
 0002:013A       __sigintseg
 0000:0001  Abs  __sizec
 0000:0001  Abs  __sized
 0001:12B4       __sopen
 0001:182C       __stackavail
 0001:0A76       __stbuf
 0001:0358       __stubmain
 0001:1B08       __STUBWEP
 0002:005E       __umaskval
 0001:0ECC       __unlink
 0002:0034       __wDataSeg
 0001:008E       __wflags
 0002:0036       __wHeapSize
 0000:0000  Imp  __WINFLAGS           (KERNEL.178)
 0002:0061       __winmajor
 0002:0060       __winminor
 0002:0060       __winver
 0001:0F9E       __write
 0002:0043       ___aDBrterr
 0002:0041       ___aDBswpflg
 0002:0080       ___argc
 0002:0082       ___argv
 0001:129E       ___ExportedStub

  Address         Publics by Value

 0000:0000  Imp  FATALEXIT            (KERNEL.1)
 0000:0000  Imp  INITTASK             (KERNEL.91)
 0000:0000  Imp  GLOBALREALLOC        (KERNEL.16)
 0000:0000  Imp  GETDOSENVIRONMENT    (KERNEL.131)
 0000:0000  Imp  GETMODULEUSAGE       (KERNEL.48)
 0000:0000  Imp  GLOBALFREE           (KERNEL.17)
 0000:0000  Imp  GLOBALLOCK           (KERNEL.18)
 0000:0000  Imp  GLOBALUNLOCK         (KERNEL.19)
 0000:0000  Imp  LOCKSEGMENT          (KERNEL.23)
 0000:0000  Imp  GLOBALALLOC          (KERNEL.15)
 0000:0000  Imp  __WINFLAGS           (KERNEL.178)
 0000:0000  Imp  DOS3CALL             (KERNEL.102)
 0000:0000  Imp  GETVERSION           (KERNEL.3)
 0000:0000  Imp  LOCALINIT            (KERNEL.4)
 0000:0000  Imp  GLOBALSIZE           (KERNEL.20)
 0000:0000  Imp  FATALAPPEXIT         (KERNEL.137)
 0000:0001  Abs  __sizec
 0000:0001  Abs  __sized
 0000:0006  Abs  pLocalHeap
 0000:0008  Abs  pAtomTable
 0000:000A  Abs  pStackTop
 0000:000C  Abs  pStackMin
 0000:000E  Abs  pStackBot
 0000:9876  Abs  __acrtused
 0000:9876  Abs  __acrtmsg
 0000:9876  Abs  __fptaskdata
 0000:D6D6  Abs  __aDBused
 0000:D6D6  Abs  __aDBdoswp
 0001:0000       LIBMAIN
 0001:0020       F1
 0001:008E       __wflags
 0001:00D2       __astart
 0001:0174       __nomain
 0001:018C       __aNchkstk
 0001:01AC       __aFchkstk
 0001:01AC       __chkstk
 0001:01E6       _fprintf
 0001:022A       _fclose
 0001:02FE       __fsopen
 0001:0338       _fopen
 0001:0358       __stubmain
 0001:0384       __cinit
 0001:03CC       __cexit
 0001:03DD       __c_exit
 0001:042B       __ctermsub
 0001:0468       __FF_MSGBANNER
 0001:048C       __setenvp
 0001:0524       __cintDIV
 0001:052E       __amsg_exit
 0001:0580       __output
 0001:0A76       __stbuf
 0001:0A81       __ftbuf
 0001:0AB0       __GetDGROUP
 0001:0AC0       __freebuf
 0001:0AF8       __openfile
 0001:0C38       _fflush
 0001:0C94       __flush
 0001:0D14       __flushall
 0001:0D94       __getstream
 0001:0DE8       __close
 0001:0E20       _strcat
 0001:0E74       _strcpy
 0001:0EB0       __itoa
 0001:0ECC       _remove
 0001:0ECC       __unlink
 0001:0EF2       __NMSG_TEXT
 0001:0F29       __NMSG_WRITE
 0001:0F40       __commit
 0001:0F9E       __write
 0001:112A       __flsbuf
 0001:120C       __fptrap
 0001:1212       __myalloc
 0001:1240       __dosret0
 0001:124D       __dosreturn
 0001:125F       __dosretax
 0001:1271       __maperror
 0001:129E       ___ExportedStub
 0001:12B2       __nearstub
 0001:12B4       __sopen
 0001:12CC       __open
 0001:158B       __cXENIXtoDOSmode
 0001:159C       __cltoasub
 0001:15A9       __cxtoa
 0001:1600       __lseek
 0001:16C8       __growseg
 0001:1759       __incseg
 0001:17BF       __findlast
 0001:17E0       __getbuf
 0001:182C       __stackavail
 0001:1840       __ffree
 0001:1861       __fmalloc
 0001:1908       __dos_commit
 0001:192C       __newseg
 0001:19AE       __freefarheap
 0001:19BC       __searchseg
 0001:1A38       __freelist
 0001:1A62       __initseg
 0001:1A96       __linkseg
 0001:1ACC       WEP
 0001:1B08       __STUBWEP
 0002:0004       rsrvptrs
 0002:0030       _STKHQQ
 0002:0032       __hModule
 0002:0034       __wDataSeg
 0002:0036       __wHeapSize
 0002:0038       __lpszCmdLine
 0002:003C       __dllinit
 0002:003D       _aseglo
 0002:003F       _aseghi
 0002:0041       ___aDBswpflg
 0002:0043       ___aDBrterr
 0002:0046       __aaltstkovr
 0002:004E       __aintdiv
 0002:0052       __fac
 0002:005C       _errno
 0002:005E       __umaskval
 0002:0060       __winver
 0002:0060       __winminor
 0002:0061       __winmajor
 0002:0062       __osver
 0002:0062       __osminor
 0002:0063       __osmajor
 0002:0064       __osversion
 0002:0066       __osmode
 0002:0067       __cpumode
 0002:0068       __oserr
 0002:0068       __doserrno
 0002:006A       __nfile
 0002:006C       __osfile
 0002:0080       ___argc
 0002:0082       ___argv
 0002:0086       __environ
 0002:008A       __pgmptr
 0002:008F       __child
 0002:0091       __exitflag
 0002:0092       __adbgmsg
 0002:00F8       __lastiob
 0002:0106       __cflush
 0002:011C       __commode
 0002:011E       __cfltcvt_tab
 0002:013A       __sigintseg
 0002:013C       __sigintoff
 0002:013E       __asizeC
 0002:013F       __asizeD
 0002:0140       __amblksiz
 0002:0142       __iomode
 0002:0142       __fmode
 0002:0144       __pnhFarHeap
 0002:0148       __fheap
 0002:0156       __lseekchk
 0002:015A       __fpinit
 0002:0166       __iob
 0002:0256       __iob2
 0002:0426       _edata
 0002:0426       _end
 0002:0426       __end
 0002:0426       __edata

Line numbers for MYDLL.OBJ(c:\volatile\source\cprogs\cpp\dll-st~1\mydll.cpp) segment MYDLL_TEXT

    12 0001:0000    16 0001:0013    17 0001:0016     0 0001:001f
    20 0001:0020    23 0001:0033    25 0001:004f    26 0001:0064
    28 0001:0072    31 0001:0075     0 0001:007c

Program entry point at 0001:00d2
